   Compiling unicode-ident v1.0.26
   Compiling proc-macro2 v1.0.103
   Compiling quote v1.0.42
   Compiling serde_core v1.0.228
   Compiling syn v2.0.111
   Compiling foldhash v0.2.0
   Compiling hashbrown v0.17.1
   Compiling equivalent v1.0.2
   Compiling serde v1.0.228
   Compiling libc v0.2.189
   Compiling serde_derive v1.0.228
   Compiling cfg-if v1.0.4
   Compiling libm v0.2.16
   Compiling log v0.4.29
   Compiling jobserver v0.1.34
   Compiling find-msvc-tools v0.1.5
   Compiling shlex v1.3.0
   Compiling cc v1.2.50
   Compiling bitflags v2.13.2
   Compiling indexmap v2.14.2
   Compiling typenum v1.19.0
   Compiling version_check v0.9.5
   Compiling anyhow v1.0.104
   Compiling generic-array v0.14.7
   Compiling smallvec v1.15.1
   Compiling thiserror-impl v2.0.17
   Compiling memchr v2.7.6
   Compiling wasmtime-internal-core v49.0.1
   Compiling crypto-common v0.1.7
   Compiling block-buffer v0.10.4
   Compiling leb128fmt v0.1.0
   Compiling digest v0.10.7
   Compiling cranelift-bitset v0.136.1
   Compiling semver v1.0.27
   Compiling wasmparser v0.258.0
   Compiling heck v0.5.0
   Compiling allocator-api2 v0.2.21
   Compiling target-lexicon v0.13.5
   Compiling synstructure v0.13.2
   Compiling cranelift-srcgen v0.136.1
   Compiling thiserror v2.0.17
   Compiling cranelift-assembler-x64-meta v0.136.1
   Compiling wasm-encoder v0.258.0
   Compiling zerofrom-derive v0.1.6
   Compiling pulley-macros v49.0.1
   Compiling hashbrown v0.16.1
   Compiling fnv v1.0.7
   Compiling serde_json v1.0.145
   Compiling rustix v1.1.5
   Compiling gimli v0.33.0
   Compiling zerofrom v0.1.6
   Compiling cobs v0.3.0
   Compiling cranelift-entity v0.136.1
   Compiling yoke-derive v0.8.1
   Compiling bumpalo v3.20.3
   Compiling errno v0.3.14
   Compiling cpufeatures v0.2.17
   Compiling wasmtime-internal-versioned-export-macros v49.0.1
   Compiling crc32fast v1.5.0
   Compiling ryu v1.0.21
   Compiling itoa v1.0.16
   Compiling stable_deref_trait v1.2.1
   Compiling cranelift-isle v0.136.1
   Compiling yoke v0.8.1
   Compiling sha2 v0.10.9
   Compiling cranelift-bforest v0.136.1
   Compiling postcard v1.1.3
   Compiling pulley-interpreter v49.0.1
   Compiling cranelift-codegen-shared v0.136.1
   Compiling cranelift-codegen-meta v0.136.1
   Compiling cranelift-assembler-x64 v0.136.1
   Compiling zerovec-derive v0.11.2
   Compiling rustc-hash v2.1.1
   Compiling pkg-config v0.3.32
   Compiling cpp_demangle v0.5.1
   Compiling zerovec v0.11.5
   Compiling zstd-sys v2.0.16+zstd.1.5.7
   Compiling cranelift-codegen v0.136.1
   Compiling object v0.40.0
   Compiling displaydoc v0.2.5
   Compiling termcolor v1.4.1
   Compiling crossbeam-utils v0.8.21
   Compiling id-arena v2.3.0
   Compiling arbitrary v1.4.2
   Compiling wasmtime-internal-component-util v49.0.1
   Compiling cranelift-control v0.136.1
   Compiling wasmprinter v0.258.0
   Compiling regalloc2 v0.15.2
   Compiling rustc-demangle v0.1.26
   Compiling wasmtime-environ v49.0.1
   Compiling zstd-safe v7.2.4
   Compiling autocfg v1.5.0
   Compiling once_cell v1.21.3
   Compiling pin-project-lite v0.2.16
   Compiling num-traits v0.2.19
   Compiling wasm-metadata v0.258.0
   Compiling wit-parser v0.258.0
   Compiling crossbeam-epoch v0.9.18
   Compiling tinystr v0.8.2
   Compiling object v0.32.2
   Compiling either v1.15.0
   Compiling winnow v1.0.4
   Compiling litemap v0.8.1
   Compiling futures-core v0.3.31
   Compiling getrandom v0.3.4
   Compiling unicode-width v0.2.2
   Compiling writeable v0.6.2
   Compiling wasmtime-internal-unwinder v49.0.1
   Compiling futures-sink v0.3.31
   Compiling rayon-core v1.13.0
   Compiling ar_archive_writer v0.2.0
   Compiling futures-channel v0.3.31
   Compiling icu_locale_core v2.1.1
   Compiling wast v258.0.0
   Compiling toml_parser v1.1.3+spec-1.1.0
   Compiling crossbeam-deque v0.8.6
   Compiling wit-component v0.258.0
   Compiling zerotrie v0.2.3
   Compiling potential_utf v0.1.4
   Compiling wasmtime-internal-jit-debug v49.0.1
   Compiling wasmtime-internal-fiber v49.0.1
   Compiling dirs-sys-next v0.1.2
   Compiling toml_datetime v1.1.1+spec-1.1.0
   Compiling serde_spanned v1.1.1
   Compiling icu_properties_data v2.1.2
   Compiling futures-task v0.3.31
   Compiling wasmtime-internal-component-macro v49.0.1
   Compiling thiserror v1.0.69
   Compiling slab v0.4.11
   Compiling futures-io v0.3.31
   Compiling toml_writer v1.1.2+spec-1.1.0
   Compiling uuid v1.19.0
   Compiling pin-utils v0.1.0
   Compiling wasmtime-internal-cranelift v49.0.1
   Compiling wasmtime-internal-cache v49.0.1
   Compiling icu_normalizer_data v2.1.1
   Compiling fixedbitset v0.4.2
   Compiling petgraph v0.6.5
   Compiling debugid v0.8.0
   Compiling futures-util v0.3.31
   Compiling toml v1.1.6+spec-1.1.0
   Compiling directories-next v2.0.0
   Compiling icu_collections v2.1.1
   Compiling icu_provider v2.1.1
   Compiling wat v1.258.0
   Compiling wasmtime-internal-wit-bindgen v49.0.1
   Compiling zstd v0.13.3
   Compiling psm v0.1.28
   Compiling itertools v0.14.0
   Compiling cranelift-native v0.136.1
   Compiling cranelift-frontend v0.136.1
   Compiling wasmtime v49.0.1
   Compiling thiserror-impl v1.0.69
   Compiling leb128 v0.2.5
   Compiling base64 v0.22.1
   Compiling bytes v1.12.1
   Compiling fastrand v2.3.0
   Compiling tempfile v3.27.0
   Compiling wast v35.0.2
   Compiling rayon v1.11.0
   Compiling num-integer v0.1.46
   Compiling wasm-compose v0.258.0
   Compiling futures v0.3.31
   Compiling fxprof-processed-profile v0.8.1
   Compiling addr2line v0.26.1
   Compiling wasmtime-internal-jit-icache-coherence v49.0.1
   Compiling stacker v0.1.22
   Compiling encoding_rs v0.8.35
   Compiling async-trait v0.1.89
   Compiling mach2 v0.6.0
   Compiling io-lifetimes v3.0.1
   Compiling io-lifetimes v2.0.4
   Compiling icu_normalizer v2.1.1
   Compiling icu_properties v2.1.2
   Compiling num-bigint v0.4.6
   Compiling witx v0.9.1
   Compiling tracing-core v0.1.36
   Compiling tracing-attributes v0.1.31
   Compiling chumsky v1.0.0-alpha.8
   Compiling wiggle-macro v49.0.1
   Compiling getrandom v0.4.3
   Compiling unicode-segmentation v1.12.0
   Compiling io-extras v0.19.0
   Compiling unicode-width v0.1.14
   Compiling rand_core v0.10.1
   Compiling foldhash v0.1.5
   Compiling cfg_aliases v0.1.1
   Compiling nix v0.28.0
   Compiling hashbrown v0.15.5
   Compiling tracing v0.1.44
   Compiling wiggle-generate v49.0.1
   Compiling num-rational v0.4.2
   Compiling idna_adapter v1.2.1
   Compiling yansi v1.0.1
   Compiling cap-primitives v4.0.3
   Compiling utf8_iter v1.0.4
   Compiling percent-encoding v2.3.2
   Compiling form_urlencoded v1.2.2
   Compiling idna v1.1.0
   Compiling ariadne v0.4.1
   Compiling fs-set-times v0.20.3
   Compiling suss-core v0.1.0 (/private/tmp/suss-m4-mlir-recovery/crates/suss-core)
   Compiling chacha20 v0.10.2
   Compiling suss-compile v0.1.0 (/private/tmp/suss-m4-mlir-recovery/crates/suss-compile)
   Compiling nibble_vec v0.1.0
   Compiling mio v1.2.3
   Compiling socket2 v0.6.5
   Compiling ambient-authority v0.0.2
   Compiling maybe-owned v0.3.4
   Compiling ipnet v2.11.0
   Compiling endian-type v0.1.2
   Compiling radix_trie v0.2.1
   Compiling tokio v1.53.1
   Compiling suss-reader v0.1.0 (/private/tmp/suss-m4-mlir-recovery/crates/suss-reader)
   Compiling rand v0.10.3
   Compiling wiggle v49.0.1
   Compiling url v2.5.7
   Compiling wasmtime-wasi-io v49.0.1
   Compiling rustix-linux-procfs v0.1.1
   Compiling fd-lock v4.0.4
   Compiling xxhash-rust v0.8.15
   Compiling home v0.5.12
   Compiling utf8parse v0.2.2
   Compiling rustyline v14.0.0
   Compiling wasmtime-wasi v49.0.1
   Compiling lexopt v0.3.1
   Compiling suss-cli v0.1.0 (/private/tmp/suss-m4-mlir-recovery/crates/suss-cli)
    Finished `dev` profile [unoptimized] target(s) in 1m 19s
