   Compiling unicode-ident v1.0.26
   Compiling proc-macro2 v1.0.107
   Compiling quote v1.0.47
   Compiling serde_core v1.0.228
   Compiling syn v2.0.119
   Compiling foldhash v0.2.0
   Compiling libc v0.2.190
   Compiling equivalent v1.0.2
   Compiling serde_derive v1.0.228
   Compiling hashbrown v0.17.1
   Compiling serde v1.0.228
   Compiling jobserver v0.1.35
   Compiling find-msvc-tools v0.1.14
   Compiling shlex v2.0.1
   Compiling cc v1.6.0
   Compiling libm v0.2.16
   Compiling cfg-if v1.0.5
   Compiling log v0.4.34
   Compiling anyhow v1.0.104
   Compiling indexmap v2.14.2
   Compiling leb128fmt v0.1.0
   Compiling version_check v0.9.5
   Compiling memchr v2.8.3
   Compiling generic-array v0.14.7
   Compiling wasmtime-internal-core v49.0.1
   Compiling typenum v1.20.1
   Compiling bitflags v2.13.2
   Compiling syn v3.0.6
   Compiling allocator-api2 v0.2.21
   Compiling crypto-common v0.1.7
   Compiling block-buffer v0.10.4
   Compiling semver v1.0.28
   Compiling cranelift-srcgen v0.136.2
   Compiling thiserror v2.0.21
   Compiling cranelift-assembler-x64-meta v0.136.2
   Compiling thiserror-impl v2.0.21
   Compiling wasmparser v0.258.0
   Compiling digest v0.10.7
   Compiling cranelift-bitset v0.136.1
   Compiling cpufeatures v0.2.17
   Compiling heck v0.5.0
   Compiling sha2 v0.10.9
   Compiling smallvec v1.16.2
   Compiling pulley-macros v49.0.1
   Compiling hashbrown v0.16.1
   Compiling serde_json v1.0.145
   Compiling fnv v1.0.7
   Compiling target-lexicon v0.13.5
   Compiling gimli v0.33.0
   Compiling cobs v0.3.0
   Compiling cranelift-entity v0.136.1
   Compiling bumpalo v3.20.3
   Compiling wasmtime-internal-versioned-export-macros v49.0.1
   Compiling ryu v1.0.23
   Compiling crc32fast v1.5.2
   Compiling itoa v1.0.18
   Compiling cranelift-isle v0.136.1
   Compiling cranelift-bforest v0.136.1
   Compiling pulley-interpreter v49.0.1
   Compiling postcard v1.1.3
   Compiling wasm-encoder v0.258.0
   Compiling object v0.39.1
   Compiling cranelift-codegen-shared v0.136.2
   Compiling cranelift-codegen-meta v0.136.1
   Compiling cranelift-assembler-x64 v0.136.2
   Compiling cpp_demangle v0.5.1
   Compiling pkg-config v0.3.34
   Compiling autocfg v1.5.1
   Compiling rustc-hash v2.1.3
   Compiling zstd-sys v2.1.0+zstd.1.5.7
   Compiling num-traits v0.2.19
   Compiling cranelift-codegen v0.136.1
   Compiling object v0.40.0
   Compiling wasmtime-internal-component-util v49.0.1
   Compiling crossbeam-utils v0.8.23
   Compiling termcolor v1.4.1
   Compiling id-arena v2.3.0
   Compiling arbitrary v1.4.2
   Compiling cranelift-control v0.136.2
   Compiling wasmprinter v0.258.0
   Compiling ar_archive_writer v0.5.3
   Compiling regalloc2 v0.15.2
   Compiling crossbeam-epoch v0.9.21
   Compiling rustix v1.1.5
   Compiling rustc-demangle v0.1.28
   Compiling rustversion v1.0.23
   Compiling wasmtime-environ v49.0.1
   Compiling psm v0.1.32
   Compiling errno v0.3.14
   Compiling zstd-safe v7.3.0
   Compiling crossbeam-deque v0.8.8
   Compiling wit-parser v0.258.0
   Compiling wasm-metadata v0.258.0
   Compiling num-integer v0.1.47
   Compiling wasm-encoder v0.261.0
   Compiling stacker v0.1.22
   Compiling winnow v1.0.4
   Compiling wasmtime-internal-unwinder v49.0.1
   Compiling futures-sink v0.3.34
   Compiling either v1.18.0
   Compiling futures-core v0.3.34
   Compiling getrandom v0.4.3
   Compiling rayon-core v1.13.0
   Compiling unicode-width v0.2.2
   Compiling wast v261.0.0
   Compiling futures-channel v0.3.34
   Compiling toml_parser v1.1.3+spec-1.1.0
   Compiling encoding_rs v0.8.42
   Compiling num-bigint v0.4.8
   Compiling wit-component v0.258.0
   Compiling wasmtime-internal-jit-debug v49.0.1
   Compiling wasmtime-internal-fiber v49.0.1
   Compiling dirs-sys-next v0.1.2
   Compiling toml_datetime v1.1.1+spec-1.1.0
   Compiling serde_spanned v1.1.1
   Compiling uuid v1.27.0
   Compiling pin-project-lite v0.2.17
   Compiling foldhash v0.1.5
   Compiling fixedbitset v0.4.2
   Compiling chumsky v1.0.0-alpha.8
   Compiling wasmtime-internal-component-macro v49.0.1
   Compiling futures-task v0.3.34
   Compiling toml_writer v1.1.2+spec-1.1.0
   Compiling futures-io v0.3.34
   Compiling wasmtime-internal-cache v49.0.1
   Compiling wasmtime-internal-cranelift v49.0.1
   Compiling slab v0.4.12
   Compiling futures-util v0.3.34
   Compiling toml v1.1.6+spec-1.1.0
   Compiling petgraph v0.6.5
   Compiling hashbrown v0.15.5
   Compiling debugid v0.8.0
   Compiling directories-next v2.0.0
   Compiling wasmtime-internal-wit-bindgen v49.0.1
   Compiling wat v1.261.0
   Compiling num-rational v0.4.2
   Compiling zstd v0.13.3
   Compiling itertools v0.14.0
   Compiling cranelift-native v0.136.1
   Compiling cranelift-frontend v0.136.1
   Compiling wasmtime v49.0.1
   Compiling simdutf8 v0.1.5
   Compiling yansi v1.0.1
   Compiling fastrand v2.5.0
   Compiling once_cell v1.21.4
   Compiling scopeguard v1.2.0
   Compiling unicode-width v0.1.14
   Compiling multiversion_no_op v1.0.0
   Compiling base64 v0.22.1
   Compiling unicode-segmentation v1.13.3
   Compiling ariadne v0.4.1
   Compiling tempfile v3.27.0
   Compiling suss-core v0.1.0 (/private/tmp/suss-m4-mlir-recovery/crates/suss-core)
   Compiling rayon v1.12.0
   Compiling wasm-compose v0.258.0
   Compiling fxprof-processed-profile v0.8.1
   Compiling futures v0.3.34
   Compiling addr2line v0.26.1
   Compiling suss-compile v0.1.0 (/private/tmp/suss-m4-mlir-recovery/crates/suss-compile)
   Compiling async-trait v0.1.92
   Compiling wasmtime-internal-jit-icache-coherence v49.0.1
   Compiling mach2 v0.6.0
   Compiling suss-reader v0.1.0 (/private/tmp/suss-m4-mlir-recovery/crates/suss-reader)
   Compiling xxhash-rust v0.8.18
   Compiling suss-mlir-bridge-draft v0.0.0 (/private/tmp/suss-m4-mlir-recovery/experiments/mlir/bridge)
    Finished `dev` profile [unoptimized] target(s) in 1m 02s
