   Compiling suss-compile v0.1.0 (/private/tmp/suss-m4-parameter-authoring-diagnostic/crates/suss-compile)
   Compiling suss-cli v0.1.0 (/private/tmp/suss-m4-parameter-authoring-diagnostic/crates/suss-cli)
    Finished `test` profile [unoptimized] target(s) in 8.15s
     Running tests/compiled_macro_publication_cells.rs (/private/tmp/suss-m4-mlir-toolchain/native-target-post226/debug/deps/compiled_macro_publication_cells-b4015ff66d876bfe)

running 2 tests
test publication_probe_sees_later_class_and_dynamic_overrides_without_replaying ... FAILED
test publication_cell_distinguishes_unbound_undefined_nil_and_false_after_gc ... FAILED

failures:

---- publication_probe_sees_later_class_and_dynamic_overrides_without_replaying stdout ----

thread 'publication_probe_sees_later_class_and_dynamic_overrides_without_replaying' (10062405) panicked at crates/suss-cli/tests/compiled_macro_publication_cells.rs:13:5:
expected false, actual Bool(true)
stack backtrace:
   0: __rustc::rust_begin_unwind
   1: core::panicking::panic_fmt
   2: compiled_macro_publication_cells::boolean
   3: compiled_macro_publication_cells::publication_probe_sees_later_class_and_dynamic_overrides_without_replaying
   4: compiled_macro_publication_cells::publication_probe_sees_later_class_and_dynamic_overrides_without_replaying::{closure#0}
   5: <compiled_macro_publication_cells::publication_probe_sees_later_class_and_dynamic_overrides_without_replaying::{closure#0} as core::ops::function::FnOnce<()>>::call_once
note: Some details are omitted, run with `RUST_BACKTRACE=full` for a verbose backtrace.

---- publication_cell_distinguishes_unbound_undefined_nil_and_false_after_gc stdout ----

thread 'publication_cell_distinguishes_unbound_undefined_nil_and_false_after_gc' (10062404) panicked at crates/suss-cli/tests/compiled_macro_publication_cells.rs:13:5:
expected false, actual Bool(true)
stack backtrace:
   0: __rustc::rust_begin_unwind
   1: core::panicking::panic_fmt
   2: compiled_macro_publication_cells::boolean
   3: compiled_macro_publication_cells::publication_cell_distinguishes_unbound_undefined_nil_and_false_after_gc
   4: compiled_macro_publication_cells::publication_cell_distinguishes_unbound_undefined_nil_and_false_after_gc::{closure#0}
   5: <compiled_macro_publication_cells::publication_cell_distinguishes_unbound_undefined_nil_and_false_after_gc::{closure#0} as core::ops::function::FnOnce<()>>::call_once
note: Some details are omitted, run with `RUST_BACKTRACE=full` for a verbose backtrace.


failures:
    publication_cell_distinguishes_unbound_undefined_nil_and_false_after_gc
    publication_probe_sees_later_class_and_dynamic_overrides_without_replaying

test result: FAILED. 0 passed; 2 failed; 0 ignored; 0 measured; 0 filtered out; finished in 5.66s

error: test failed, to rerun pass `-p suss-cli --test compiled_macro_publication_cells`
