2026-10-09T12:28:14.9375674Z Current runner version: '2.337.0'
2026-10-09T12:28:14.9401833Z ##[group]Runner Image Provisioner
2026-10-09T12:28:14.9402904Z Hosted Compute Agent
2026-10-09T12:28:14.9403512Z Version: 20261002.596
2026-10-09T12:28:14.9404179Z Commit: c3d12f3313a95f25162a1503be624f3b0617f8c0
2026-10-09T12:28:14.9404926Z Build Date: 2026-10-02T22:28:27Z
2026-10-09T12:28:14.9405591Z Worker ID: {1d99e02b-ddcf-4671-8f71-5e94e145f1d3}
2026-10-09T12:28:14.9406379Z Region: eastus
2026-10-09T12:28:14.9406921Z Cloud: Azure
2026-10-09T12:28:14.9407429Z ##[endgroup]
2026-10-09T12:28:14.9409255Z ##[group]Operating System
2026-10-09T12:28:14.9409895Z Ubuntu
2026-10-09T12:28:14.9410571Z 24.04.5
2026-10-09T12:28:14.9411085Z LTS
2026-10-09T12:28:14.9411568Z ##[endgroup]
2026-10-09T12:28:14.9412237Z ##[group]Runner Image
2026-10-09T12:28:14.9412841Z Image: ubuntu-24.04
2026-10-09T12:28:14.9413503Z Version: 20261004.327.1
2026-10-09T12:28:14.9414746Z Included Software: https://github.com/actions/runner-images/blob/ubuntu24/20261004.327/images/ubuntu/Ubuntu2404-Readme.md
2026-10-09T12:28:14.9416406Z Image Release: https://github.com/actions/runner-images/releases/tag/ubuntu24%2F20261004.327
2026-10-09T12:28:14.9417374Z ##[endgroup]
2026-10-09T12:28:14.9418890Z ##[group]GITHUB_TOKEN Permissions
2026-10-09T12:28:14.9421071Z Contents: read
2026-10-09T12:28:14.9421954Z Metadata: read
2026-10-09T12:28:14.9422515Z Packages: read
2026-10-09T12:28:14.9423194Z ##[endgroup]
2026-10-09T12:28:14.9426273Z Secret source: Actions
2026-10-09T12:28:14.9427338Z Cache mode: write
2026-10-09T12:28:14.9428404Z Prepare workflow directory
2026-10-09T12:28:14.9838424Z Prepare all required actions
2026-10-09T12:28:14.9888091Z Getting action download info
2026-10-09T12:28:15.2051974Z Download action repository 'actions/checkout@v4' (SHA:11d5960a326750d5838078e36cf38b85af677262)
2026-10-09T12:28:15.3104137Z Download action repository 'dtolnay/rust-toolchain@stable' (SHA:686976e191b89faba57d3206551f0f330d8cb249)
2026-10-09T12:28:15.4119488Z Download action repository 'Swatinem/rust-cache@v2' (SHA:6323deb102c322ba6fcbdcafc7e3dddab59af2b6)
2026-10-09T12:28:15.7390166Z Complete job name: integration (0)
2026-10-09T12:28:15.8181395Z ##[group]Run actions/checkout@v4
2026-10-09T12:28:15.8182289Z with:
2026-10-09T12:28:15.8182771Z   submodules: true
2026-10-09T12:28:15.8183223Z   repository: bobby/suss
2026-10-09T12:28:15.8187223Z   token: ***
2026-10-09T12:28:15.8187659Z   ssh-strict: true
2026-10-09T12:28:15.8188101Z   ssh-user: git
2026-10-09T12:28:15.8188558Z   persist-credentials: true
2026-10-09T12:28:15.8189251Z   clean: true
2026-10-09T12:28:15.8189715Z   sparse-checkout-cone-mode: true
2026-10-09T12:28:15.8190234Z   fetch-depth: 1
2026-10-09T12:28:15.8190658Z   fetch-tags: false
2026-10-09T12:28:15.8191099Z   show-progress: true
2026-10-09T12:28:15.8191544Z   lfs: false
2026-10-09T12:28:15.8191969Z   set-safe-directory: true
2026-10-09T12:28:15.8192475Z   allow-unsafe-pr-checkout: false
2026-10-09T12:28:15.8193256Z env:
2026-10-09T12:28:15.8193663Z   CARGO_BUILD_JOBS: 2
2026-10-09T12:28:15.8194133Z ##[endgroup]
2026-10-09T12:28:15.9255340Z Syncing repository: bobby/suss
2026-10-09T12:28:15.9258339Z ##[group]Getting Git version info
2026-10-09T12:28:15.9259753Z Working directory is '/home/runner/work/suss/suss'
2026-10-09T12:28:15.9261459Z [command]/usr/bin/git version
2026-10-09T12:28:15.9401379Z git version 2.55.0
2026-10-09T12:28:15.9427510Z ##[endgroup]
2026-10-09T12:28:15.9443858Z Temporarily overriding HOME='/home/runner/work/_temp/2742299e-f0ee-4d25-acac-15b09b21ab91' before making global git config changes
2026-10-09T12:28:15.9447239Z Adding repository directory to the temporary git global config as a safe directory
2026-10-09T12:28:15.9461710Z [command]/usr/bin/git config --global --add safe.directory /home/runner/work/suss/suss
2026-10-09T12:28:15.9527146Z Deleting the contents of '/home/runner/work/suss/suss'
2026-10-09T12:28:15.9534274Z ##[group]Initializing the repository
2026-10-09T12:28:15.9539816Z [command]/usr/bin/git init /home/runner/work/suss/suss
2026-10-09T12:28:15.9681696Z hint: Using 'master' as the name for the initial branch. This default branch name
2026-10-09T12:28:15.9684106Z hint: will change to "main" in Git 3.0. To configure the initial branch name
2026-10-09T12:28:15.9686193Z hint: to use in all of your new repositories, which will suppress this warning,
2026-10-09T12:28:15.9687882Z hint: call:
2026-10-09T12:28:15.9689220Z hint:
2026-10-09T12:28:15.9690513Z hint: 	git config --global init.defaultBranch <name>
2026-10-09T12:28:15.9691931Z hint:
2026-10-09T12:28:15.9693216Z hint: Names commonly chosen instead of 'master' are 'main', 'trunk' and
2026-10-09T12:28:15.9695234Z hint: 'development'. The just-created branch can be renamed via this command:
2026-10-09T12:28:15.9697315Z hint:
2026-10-09T12:28:15.9698432Z hint: 	git branch -m <name>
2026-10-09T12:28:15.9699864Z hint:
2026-10-09T12:28:15.9701281Z hint: Disable this message with "git config set advice.defaultBranchName false"
2026-10-09T12:28:15.9703450Z Initialized empty Git repository in /home/runner/work/suss/suss/.git/
2026-10-09T12:28:15.9707134Z [command]/usr/bin/git remote add origin https://github.com/bobby/suss
2026-10-09T12:28:15.9810280Z ##[endgroup]
2026-10-09T12:28:15.9811787Z ##[group]Disabling automatic garbage collection
2026-10-09T12:28:15.9813142Z [command]/usr/bin/git config --local gc.auto 0
2026-10-09T12:28:15.9831394Z ##[endgroup]
2026-10-09T12:28:15.9832729Z ##[group]Setting up auth
2026-10-09T12:28:15.9839927Z [command]/usr/bin/git config --local --name-only --get-regexp core\.sshCommand
2026-10-09T12:28:15.9895115Z [command]/usr/bin/git submodule foreach --recursive sh -c "git config --local --name-only --get-regexp 'core\.sshCommand' && git config --local --unset-all 'core.sshCommand' || :"
2026-10-09T12:28:16.0395301Z [command]/usr/bin/git config --local --name-only --get-regexp http\.https\:\/\/github\.com\/\.extraheader
2026-10-09T12:28:16.0444632Z [command]/usr/bin/git submodule foreach --recursive sh -c "git config --local --name-only --get-regexp 'http\.https\:\/\/github\.com\/\.extraheader' && git config --local --unset-all 'http.https://github.com/.extraheader' || :"
2026-10-09T12:28:16.0692645Z [command]/usr/bin/git config --local --name-only --get-regexp ^includeIf\.gitdir:
2026-10-09T12:28:16.0730644Z [command]/usr/bin/git submodule foreach --recursive git config --local --show-origin --name-only --get-regexp remote.origin.url
2026-10-09T12:28:16.0959369Z [command]/usr/bin/git config --local http.https://github.com/.extraheader AUTHORIZATION: basic ***
2026-10-09T12:28:16.1002668Z ##[endgroup]
2026-10-09T12:28:16.1013027Z ##[group]Fetching the repository
2026-10-09T12:28:16.1014625Z [command]/usr/bin/git -c protocol.version=2 fetch --no-tags --prune --no-recurse-submodules --depth=1 origin +d09b45a2a6831dcbcb01cfaf984196af4f9b17c3:refs/remotes/pull/231/merge
2026-10-09T12:28:17.2576821Z From https://github.com/bobby/suss
2026-10-09T12:28:17.2579047Z  * [new ref]         d09b45a2a6831dcbcb01cfaf984196af4f9b17c3 -> pull/231/merge
2026-10-09T12:28:17.2582654Z ##[endgroup]
2026-10-09T12:28:17.2584246Z ##[group]Determining the checkout info
2026-10-09T12:28:17.2586058Z ##[endgroup]
2026-10-09T12:28:17.2590603Z [command]/usr/bin/git sparse-checkout disable
2026-10-09T12:28:17.2667158Z [command]/usr/bin/git config --local --unset-all extensions.worktreeConfig
2026-10-09T12:28:17.2708342Z ##[group]Checking out the ref
2026-10-09T12:28:17.2711894Z [command]/usr/bin/git checkout --progress --force refs/remotes/pull/231/merge
2026-10-09T12:28:17.4470912Z Note: switching to 'refs/remotes/pull/231/merge'.
2026-10-09T12:28:17.4471770Z 
2026-10-09T12:28:17.4472418Z You are in 'detached HEAD' state. You can look around, make experimental
2026-10-09T12:28:17.4473886Z changes and commit them, and you can discard any commits you make in this
2026-10-09T12:28:17.4475339Z state without impacting any branches by switching back to a branch.
2026-10-09T12:28:17.4476161Z 
2026-10-09T12:28:17.4476780Z If you want to create a new branch to retain commits you create, you may
2026-10-09T12:28:17.4478247Z do so (now or later) by using -c with the switch command. Example:
2026-10-09T12:28:17.4479729Z 
2026-10-09T12:28:17.4480118Z   git switch -c <new-branch-name>
2026-10-09T12:28:17.4480690Z 
2026-10-09T12:28:17.4481025Z Or undo this operation with:
2026-10-09T12:28:17.4481537Z 
2026-10-09T12:28:17.4481831Z   git switch -
2026-10-09T12:28:17.4482242Z 
2026-10-09T12:28:17.4482988Z Turn off this advice by setting config variable advice.detachedHead to false
2026-10-09T12:28:17.4484156Z 
2026-10-09T12:28:17.4485762Z HEAD is now at d09b45a Merge eaec26de04336ea70f51c3cb24fd9bea13162673 into 06ac94b27c43d9683e2966c7e180bc7ee0f14a8f
2026-10-09T12:28:17.4489490Z ##[endgroup]
2026-10-09T12:28:17.4490848Z ##[group]Setting up auth for fetching submodules
2026-10-09T12:28:17.4493523Z [command]/usr/bin/git config --global http.https://github.com/.extraheader AUTHORIZATION: basic ***
2026-10-09T12:28:17.4538253Z [command]/usr/bin/git config --global --unset-all url.https://github.com/.insteadOf
2026-10-09T12:28:17.4574436Z [command]/usr/bin/git config --global --add url.https://github.com/.insteadOf git@github.com:
2026-10-09T12:28:17.4631502Z [command]/usr/bin/git config --global --add url.https://github.com/.insteadOf org-8336@github.com:
2026-10-09T12:28:17.4666047Z ##[endgroup]
2026-10-09T12:28:17.4668273Z ##[group]Fetching submodules
2026-10-09T12:28:17.4670289Z [command]/usr/bin/git submodule sync
2026-10-09T12:28:17.4906524Z [command]/usr/bin/git -c protocol.version=2 submodule update --init --force --depth=1
2026-10-09T12:28:17.5137862Z Submodule 'clojurescript' (https://github.com/clojure/clojurescript.git) registered for path 'clojurescript'
2026-10-09T12:28:17.5161636Z Cloning into '/home/runner/work/suss/suss/clojurescript'...
2026-10-09T12:28:18.7554264Z From https://github.com/clojure/clojurescript
2026-10-09T12:28:18.7555666Z  * branch            c4295f303100bbf5afac449242d30bca1126f1a1 -> FETCH_HEAD
2026-10-09T12:28:18.7956540Z Submodule path 'clojurescript': checked out 'c4295f303100bbf5afac449242d30bca1126f1a1'
2026-10-09T12:28:18.7969101Z [command]/usr/bin/git submodule foreach git config --local gc.auto 0
2026-10-09T12:28:18.8190323Z Entering 'clojurescript'
2026-10-09T12:28:18.8232147Z ##[endgroup]
2026-10-09T12:28:18.8232666Z ##[group]Persisting credentials for submodules
2026-10-09T12:28:18.8239662Z [command]/usr/bin/git submodule foreach --recursive sh -c "git config --local --name-only --get-regexp 'url\.https\:\/\/github\.com\/\.insteadOf' && git config --local --unset-all 'url.https://github.com/.insteadOf' || :"
2026-10-09T12:28:18.8460544Z Entering 'clojurescript'
2026-10-09T12:28:18.8518401Z [command]/usr/bin/git submodule foreach sh -c "git config --local 'http.https://github.com/.extraheader' 'AUTHORIZATION: basic ***' && git config --local --show-origin --name-only --get-regexp remote.origin.url"
2026-10-09T12:28:18.8737126Z Entering 'clojurescript'
2026-10-09T12:28:18.8780154Z file:/home/runner/work/suss/suss/.git/modules/clojurescript/config	remote.origin.url
2026-10-09T12:28:18.8806636Z [command]/usr/bin/git submodule foreach git config --local --add 'url.https://github.com/.insteadOf' 'git@github.com:'
2026-10-09T12:28:18.9025320Z Entering 'clojurescript'
2026-10-09T12:28:18.9064759Z [command]/usr/bin/git submodule foreach git config --local --add 'url.https://github.com/.insteadOf' 'org-8336@github.com:'
2026-10-09T12:28:18.9291331Z Entering 'clojurescript'
2026-10-09T12:28:18.9326276Z ##[endgroup]
2026-10-09T12:28:18.9377002Z [command]/usr/bin/git log -1 --format=%H
2026-10-09T12:28:18.9406100Z d09b45a2a6831dcbcb01cfaf984196af4f9b17c3
2026-10-09T12:28:18.9780621Z ##[group]Run dtolnay/rust-toolchain@stable
2026-10-09T12:28:18.9781025Z with:
2026-10-09T12:28:18.9781276Z   toolchain: stable
2026-10-09T12:28:18.9781533Z env:
2026-10-09T12:28:18.9781779Z   CARGO_BUILD_JOBS: 2
2026-10-09T12:28:18.9782043Z ##[endgroup]
2026-10-09T12:28:18.9846894Z ##[start-action display=Parse toolchain version;id=__dtolnay_rust-toolchain.parse]
2026-10-09T12:28:18.9909957Z ##[group]Run if [[ -z $toolchain ]]; then
2026-10-09T12:28:18.9910655Z [36;1mif [[ -z $toolchain ]]; then[0m
2026-10-09T12:28:18.9911275Z [36;1m  # GitHub does not enforce `required: true` inputs itself. https://github.com/actions/runner/issues/1070[0m
2026-10-09T12:28:18.9911919Z [36;1m  echo "'toolchain' is a required input" >&2[0m
2026-10-09T12:28:18.9912308Z [36;1m  exit 1[0m
2026-10-09T12:28:18.9912700Z [36;1melif [[ $toolchain =~ ^stable' '[0-9]+' '(year|month|week|day)s?' 'ago$ ]]; then[0m
2026-10-09T12:28:18.9913175Z [36;1m  if [[ Linux == macOS ]]; then[0m
2026-10-09T12:28:18.9913822Z [36;1m    echo "toolchain=1.$((($(date -v-$(sed 's/stable \([0-9]*\) \(.\).*/\1\2/' <<< $toolchain) +%s)/60/60/24-16569)/7/6))" >> $GITHUB_OUTPUT[0m
2026-10-09T12:28:18.9914408Z [36;1m  else[0m
2026-10-09T12:28:18.9914863Z [36;1m    echo "toolchain=1.$((($(date --date "${toolchain#stable }" +%s)/60/60/24-16569)/7/6))" >> $GITHUB_OUTPUT[0m
2026-10-09T12:28:18.9915368Z [36;1m  fi[0m
2026-10-09T12:28:18.9915714Z [36;1melif [[ $toolchain =~ ^stable' 'minus' '[0-9]+' 'releases?$ ]]; then[0m
2026-10-09T12:28:18.9916317Z [36;1m  echo "toolchain=1.$((($(date +%s)/60/60/24-16569)/7/6-${toolchain//[^0-9]/}))" >> $GITHUB_OUTPUT[0m
2026-10-09T12:28:18.9916834Z [36;1melif [[ $toolchain =~ ^1\.[0-9]+$ ]]; then[0m
2026-10-09T12:28:18.9917419Z [36;1m  echo "toolchain=1.$((i=${toolchain#1.}, c=($(date +%s)/60/60/24-16569)/7/6, i+9*i*(10*i<=c)+90*i*(100*i<=c)))" >> $GITHUB_OUTPUT[0m
2026-10-09T12:28:18.9917971Z [36;1melse[0m
2026-10-09T12:28:18.9918213Z [36;1m  delimiter=EOF[0m
2026-10-09T12:28:18.9918749Z [36;1m  while [[ $toolchain == *$delimiter* ]]; do delimiter+=_; done[0m
2026-10-09T12:28:18.9919329Z [36;1m  printf 'toolchain<<%s\n%s\n%s\n' "$delimiter" "$toolchain" "$delimiter" >> $GITHUB_OUTPUT[0m
2026-10-09T12:28:18.9919801Z [36;1mfi[0m
2026-10-09T12:28:19.0209182Z shell: /usr/bin/bash --noprofile --norc -e -o pipefail {0}
2026-10-09T12:28:19.0209777Z env:
2026-10-09T12:28:19.0210102Z   CARGO_BUILD_JOBS: 2
2026-10-09T12:28:19.0210442Z   toolchain: stable
2026-10-09T12:28:19.0210789Z ##[endgroup]
2026-10-09T12:28:19.0350117Z ##[end-action id=__dtolnay_rust-toolchain.parse;outcome=success;conclusion=success;duration_ms=50]
2026-10-09T12:28:19.0354922Z ##[start-action display=Set $CARGO_HOME;id=__dtolnay_rust-toolchain.__run]
2026-10-09T12:28:19.0395483Z ##[group]Run echo CARGO_HOME=${CARGO_HOME:-"$HOME/.cargo"} >> $GITHUB_ENV
2026-10-09T12:28:19.0396048Z [36;1mecho CARGO_HOME=${CARGO_HOME:-"$HOME/.cargo"} >> $GITHUB_ENV[0m
2026-10-09T12:28:19.0457848Z shell: /usr/bin/bash --noprofile --norc -e -o pipefail {0}
2026-10-09T12:28:19.0458258Z env:
2026-10-09T12:28:19.0458507Z   CARGO_BUILD_JOBS: 2
2026-10-09T12:28:19.0459007Z ##[endgroup]
2026-10-09T12:28:19.0548885Z ##[end-action id=__dtolnay_rust-toolchain.__run;outcome=success;conclusion=success;duration_ms=19]
2026-10-09T12:28:19.0551454Z ##[start-action display=Install rustup if needed;id=__dtolnay_rust-toolchain.__run_2]
2026-10-09T12:28:19.0585034Z ##[group]Run if ! command -v rustup &>/dev/null; then
2026-10-09T12:28:19.0585481Z [36;1mif ! command -v rustup &>/dev/null; then[0m
2026-10-09T12:28:19.0586294Z [36;1m  curl --proto '=https' --tlsv1.2 --retry 10 --retry-connrefused --location --silent --show-error --fail https://sh.rustup.rs | sh -s -- --default-toolchain none -y[0m
2026-10-09T12:28:19.0587080Z [36;1m  echo "$CARGO_HOME/bin" >> $GITHUB_PATH[0m
2026-10-09T12:28:19.0587422Z [36;1mfi[0m
2026-10-09T12:28:19.0646386Z shell: /usr/bin/bash --noprofile --norc -e -o pipefail {0}
2026-10-09T12:28:19.0646786Z env:
2026-10-09T12:28:19.0647213Z   CARGO_BUILD_JOBS: 2
2026-10-09T12:28:19.0647510Z   CARGO_HOME: /home/runner/.cargo
2026-10-09T12:28:19.0647808Z ##[endgroup]
2026-10-09T12:28:19.0735999Z ##[end-action id=__dtolnay_rust-toolchain.__run_2;outcome=success;conclusion=success;duration_ms=18]
2026-10-09T12:28:19.0738504Z ##[start-action display=Install rustup if needed on windows;id=__dtolnay_rust-toolchain.__run_3]
2026-10-09T12:28:19.0745706Z ##[end-action id=__dtolnay_rust-toolchain.__run_3;outcome=skipped;conclusion=skipped;duration_ms=0]
2026-10-09T12:28:19.0760937Z ##[start-action display=rustup toolchain install stable;id=__dtolnay_rust-toolchain.__run_4]
2026-10-09T12:28:19.0786666Z ##[group]Run set -f  # split targets and components on commas and whitespace, without glob expansion
2026-10-09T12:28:19.0787414Z [36;1mset -f  # split targets and components on commas and whitespace, without glob expansion[0m
2026-10-09T12:28:19.0787918Z [36;1mflags=()[0m
2026-10-09T12:28:19.0788266Z [36;1mfor t in ${targets//,/ }; do flags+=(--target "$t"); done[0m
2026-10-09T12:28:19.0789105Z [36;1mfor c in ${components//,/ }; do flags+=(--component "$c"); done[0m
2026-10-09T12:28:19.0789753Z [36;1mif [[ $toolchain == nightly && -n $components ]]; then flags+=(--allow-downgrade); fi[0m
2026-10-09T12:28:19.0790280Z [36;1mlog=$(mktemp)[0m
2026-10-09T12:28:19.0790564Z [36;1mtrap 'rm -f "$log"' EXIT[0m
2026-10-09T12:28:19.0790881Z [36;1mfor attempt in 1 2 3 4 5; do[0m
2026-10-09T12:28:19.0791527Z [36;1m  if rustup toolchain install "$toolchain" "${flags[@]}" --profile minimal --no-self-update --force-non-host 2>&1 | tee "$log"; then[0m
2026-10-09T12:28:19.0792148Z [36;1m    break[0m
2026-10-09T12:28:19.0792396Z [36;1m  else[0m
2026-10-09T12:28:19.0792638Z [36;1m    status=$?[0m
2026-10-09T12:28:19.0792909Z [36;1m  fi[0m
2026-10-09T12:28:19.0793249Z [36;1m  if [[ $attempt == 5 ]] || ! grep -Fq 'checksum failed for ' "$log" \[0m
2026-10-09T12:28:19.0793864Z [36;1m      || ! grep -Fq 'this is likely due to an ongoing update of the official release server' "$log"; then[0m
2026-10-09T12:28:19.0794378Z [36;1m    exit "$status"[0m
2026-10-09T12:28:19.0794650Z [36;1m  fi[0m
2026-10-09T12:28:19.0795053Z [36;1m  echo "Retrying rustup toolchain install in 30 seconds (retry $attempt of 4)" >&2[0m
2026-10-09T12:28:19.0795521Z [36;1m  sleep 30[0m
2026-10-09T12:28:19.0795943Z [36;1mdone[0m
2026-10-09T12:28:19.0855053Z shell: /usr/bin/bash --noprofile --norc -e -o pipefail {0}
2026-10-09T12:28:19.0855464Z env:
2026-10-09T12:28:19.0855702Z   CARGO_BUILD_JOBS: 2
2026-10-09T12:28:19.0855988Z   CARGO_HOME: /home/runner/.cargo
2026-10-09T12:28:19.0856292Z   toolchain: stable
2026-10-09T12:28:19.0856543Z   targets: 
2026-10-09T12:28:19.0856782Z   components: 
2026-10-09T12:28:19.0857046Z   RUSTUP_PERMIT_COPY_RENAME: 1
2026-10-09T12:28:19.0857331Z ##[endgroup]
2026-10-09T12:28:19.3287156Z info: syncing channel updates for stable-x86_64-unknown-linux-gnu
2026-10-09T12:28:19.4154070Z 
2026-10-09T12:28:19.4257694Z   stable-x86_64-unknown-linux-gnu unchanged - rustc 1.99.0 (b940084d7 2026-09-28)
2026-10-09T12:28:19.4258349Z 
2026-10-09T12:28:19.4316066Z ##[end-action id=__dtolnay_rust-toolchain.__run_4;outcome=success;conclusion=success;duration_ms=355]
2026-10-09T12:28:19.4323218Z ##[start-action display=rustup default stable;id=__dtolnay_rust-toolchain.__run_5]
2026-10-09T12:28:19.4371598Z ##[group]Run rustup default "$toolchain" --force-non-host
2026-10-09T12:28:19.4372032Z [36;1mrustup default "$toolchain" --force-non-host[0m
2026-10-09T12:28:19.4435764Z shell: /usr/bin/bash --noprofile --norc -e -o pipefail {0}
2026-10-09T12:28:19.4436123Z env:
2026-10-09T12:28:19.4436321Z   CARGO_BUILD_JOBS: 2
2026-10-09T12:28:19.4436564Z   CARGO_HOME: /home/runner/.cargo
2026-10-09T12:28:19.4436820Z   toolchain: stable
2026-10-09T12:28:19.4437023Z ##[endgroup]
2026-10-09T12:28:19.4568878Z info: using existing install for stable-x86_64-unknown-linux-gnu
2026-10-09T12:28:19.4577551Z info: default toolchain set to stable-x86_64-unknown-linux-gnu
2026-10-09T12:28:19.4578539Z 
2026-10-09T12:28:19.4654011Z   stable-x86_64-unknown-linux-gnu unchanged - rustc 1.99.0 (b940084d7 2026-09-28)
2026-10-09T12:28:19.4654519Z 
2026-10-09T12:28:19.4673302Z ##[end-action id=__dtolnay_rust-toolchain.__run_5;outcome=success;conclusion=success;duration_ms=34]
2026-10-09T12:28:19.4677695Z ##[start-action display=Create cachekey;id=__dtolnay_rust-toolchain.rustc-version]
2026-10-09T12:28:19.4704133Z ##[group]Run DATE=$(rustc +"$toolchain" --version --verbose | sed -ne 's/^commit-date: \(20[0-9][0-9]\)-\([01][0-9]\)-\([0-3][0-9]\)$/\1\2\3/p')
2026-10-09T12:28:19.4705239Z [36;1mDATE=$(rustc +"$toolchain" --version --verbose | sed -ne 's/^commit-date: \(20[0-9][0-9]\)-\([01][0-9]\)-\([0-3][0-9]\)$/\1\2\3/p')[0m
2026-10-09T12:28:19.4705941Z [36;1mHASH=$(rustc +"$toolchain" --version --verbose | sed -ne 's/^commit-hash: //p')[0m
2026-10-09T12:28:19.4706471Z [36;1mecho "cachekey=$(echo $DATE$HASH | head -c12)" >> $GITHUB_OUTPUT[0m
2026-10-09T12:28:19.4770977Z shell: /usr/bin/bash --noprofile --norc -e -o pipefail {0}
2026-10-09T12:28:19.4771370Z env:
2026-10-09T12:28:19.4771581Z   CARGO_BUILD_JOBS: 2
2026-10-09T12:28:19.4771833Z   CARGO_HOME: /home/runner/.cargo
2026-10-09T12:28:19.4772115Z   toolchain: stable
2026-10-09T12:28:19.4772340Z ##[endgroup]
2026-10-09T12:28:19.5159966Z ##[end-action id=__dtolnay_rust-toolchain.rustc-version;outcome=success;conclusion=success;duration_ms=48]
2026-10-09T12:28:19.5162909Z ##[start-action display=Disable incremental compilation;id=__dtolnay_rust-toolchain.__run_6]
2026-10-09T12:28:19.5246230Z ##[group]Run if [ -z "${CARGO_INCREMENTAL+set}" ]; then
2026-10-09T12:28:19.5246643Z [36;1mif [ -z "${CARGO_INCREMENTAL+set}" ]; then[0m
2026-10-09T12:28:19.5246985Z [36;1m  echo CARGO_INCREMENTAL=0 >> $GITHUB_ENV[0m
2026-10-09T12:28:19.5247269Z [36;1mfi[0m
2026-10-09T12:28:19.5310597Z shell: /usr/bin/bash --noprofile --norc -e -o pipefail {0}
2026-10-09T12:28:19.5310964Z env:
2026-10-09T12:28:19.5311161Z   CARGO_BUILD_JOBS: 2
2026-10-09T12:28:19.5311414Z   CARGO_HOME: /home/runner/.cargo
2026-10-09T12:28:19.5311680Z ##[endgroup]
2026-10-09T12:28:19.5395568Z ##[end-action id=__dtolnay_rust-toolchain.__run_6;outcome=success;conclusion=success;duration_ms=23]
2026-10-09T12:28:19.5397700Z ##[start-action display=Enable colors in Cargo output;id=__dtolnay_rust-toolchain.__run_7]
2026-10-09T12:28:19.5422212Z ##[group]Run if [ -z "${CARGO_TERM_COLOR+set}" ]; then
2026-10-09T12:28:19.5422593Z [36;1mif [ -z "${CARGO_TERM_COLOR+set}" ]; then[0m
2026-10-09T12:28:19.5422954Z [36;1m  echo CARGO_TERM_COLOR=always >> $GITHUB_ENV[0m
2026-10-09T12:28:19.5423253Z [36;1mfi[0m
2026-10-09T12:28:19.5480901Z shell: /usr/bin/bash --noprofile --norc -e -o pipefail {0}
2026-10-09T12:28:19.5481252Z env:
2026-10-09T12:28:19.5481450Z   CARGO_BUILD_JOBS: 2
2026-10-09T12:28:19.5481683Z   CARGO_HOME: /home/runner/.cargo
2026-10-09T12:28:19.5481937Z   CARGO_INCREMENTAL: 0
2026-10-09T12:28:19.5482150Z ##[endgroup]
2026-10-09T12:28:19.5570615Z ##[end-action id=__dtolnay_rust-toolchain.__run_7;outcome=success;conclusion=success;duration_ms=17]
2026-10-09T12:28:19.5574379Z ##[start-action display=Enable Cargo sparse registry;id=__dtolnay_rust-toolchain.__run_8]
2026-10-09T12:28:19.5600746Z ##[group]Run # implemented in 1.66, stabilized in 1.68, made default in 1.70
2026-10-09T12:28:19.5601290Z [36;1m# implemented in 1.66, stabilized in 1.68, made default in 1.70[0m
2026-10-09T12:28:19.5602037Z [36;1mif [ -z "${CARGO_REGISTRIES_CRATES_IO_PROTOCOL+set}" -o -f "/home/runner/work/_temp"/.implicit_cargo_registries_crates_io_protocol ]; then[0m
2026-10-09T12:28:19.5602831Z [36;1m  if rustc +"$toolchain" --version --verbose | grep -q '^release: 1\.6[89]\.'; then[0m
2026-10-09T12:28:19.5603452Z [36;1m    touch "/home/runner/work/_temp"/.implicit_cargo_registries_crates_io_protocol || true[0m
2026-10-09T12:28:19.5604029Z [36;1m    echo CARGO_REGISTRIES_CRATES_IO_PROTOCOL=sparse >> $GITHUB_ENV[0m
2026-10-09T12:28:19.5604732Z [36;1m  elif rustc +"$toolchain" --version --verbose | grep -q '^release: 1\.6[67]\.'; then[0m
2026-10-09T12:28:19.5605349Z [36;1m    touch "/home/runner/work/_temp"/.implicit_cargo_registries_crates_io_protocol || true[0m
2026-10-09T12:28:19.5605890Z [36;1m    echo CARGO_REGISTRIES_CRATES_IO_PROTOCOL=git >> $GITHUB_ENV[0m
2026-10-09T12:28:19.5606241Z [36;1m  fi[0m
2026-10-09T12:28:19.5606436Z [36;1mfi[0m
2026-10-09T12:28:19.5666106Z shell: /usr/bin/bash --noprofile --norc -e -o pipefail {0}
2026-10-09T12:28:19.5666614Z env:
2026-10-09T12:28:19.5666806Z   CARGO_BUILD_JOBS: 2
2026-10-09T12:28:19.5667042Z   CARGO_HOME: /home/runner/.cargo
2026-10-09T12:28:19.5667308Z   CARGO_INCREMENTAL: 0
2026-10-09T12:28:19.5667531Z   CARGO_TERM_COLOR: always
2026-10-09T12:28:19.5667754Z   toolchain: stable
2026-10-09T12:28:19.5667959Z ##[endgroup]
2026-10-09T12:28:19.6001016Z ##[end-action id=__dtolnay_rust-toolchain.__run_8;outcome=success;conclusion=success;duration_ms=42]
2026-10-09T12:28:19.6005631Z ##[start-action display=Work around spurious network errors in curl 8.0;id=__dtolnay_rust-toolchain.__run_9]
2026-10-09T12:28:19.6032226Z ##[group]Run # https://rust-lang.zulipchat.com/#narrow/stream/246057-t-cargo/topic/timeout.20investigation
2026-10-09T12:28:19.6032983Z [36;1m# https://rust-lang.zulipchat.com/#narrow/stream/246057-t-cargo/topic/timeout.20investigation[0m
2026-10-09T12:28:19.6033615Z [36;1mif rustc +"$toolchain" --version --verbose | grep -q '^release: 1\.7[01]\.'; then[0m
2026-10-09T12:28:19.6034098Z [36;1m  echo CARGO_HTTP_MULTIPLEXING=false >> $GITHUB_ENV[0m
2026-10-09T12:28:19.6034430Z [36;1mfi[0m
2026-10-09T12:28:19.6097554Z shell: /usr/bin/bash --noprofile --norc -e -o pipefail {0}
2026-10-09T12:28:19.6097901Z env:
2026-10-09T12:28:19.6098090Z   CARGO_BUILD_JOBS: 2
2026-10-09T12:28:19.6098328Z   CARGO_HOME: /home/runner/.cargo
2026-10-09T12:28:19.6098925Z   CARGO_INCREMENTAL: 0
2026-10-09T12:28:19.6099201Z   CARGO_TERM_COLOR: always
2026-10-09T12:28:19.6099428Z   toolchain: stable
2026-10-09T12:28:19.6099638Z ##[endgroup]
2026-10-09T12:28:19.6314319Z ##[end-action id=__dtolnay_rust-toolchain.__run_9;outcome=success;conclusion=success;duration_ms=30]
2026-10-09T12:28:19.6320119Z ##[start-action display=rustc +stable --version --verbose;id=__dtolnay_rust-toolchain.__run_10]
2026-10-09T12:28:19.6344836Z ##[group]Run rustc +"$toolchain" --version --verbose
2026-10-09T12:28:19.6345229Z [36;1mrustc +"$toolchain" --version --verbose[0m
2026-10-09T12:28:19.6409674Z shell: /usr/bin/bash --noprofile --norc -e -o pipefail {0}
2026-10-09T12:28:19.6410046Z env:
2026-10-09T12:28:19.6410239Z   CARGO_BUILD_JOBS: 2
2026-10-09T12:28:19.6410480Z   CARGO_HOME: /home/runner/.cargo
2026-10-09T12:28:19.6410749Z   CARGO_INCREMENTAL: 0
2026-10-09T12:28:19.6410972Z   CARGO_TERM_COLOR: always
2026-10-09T12:28:19.6411203Z   toolchain: stable
2026-10-09T12:28:19.6411410Z ##[endgroup]
2026-10-09T12:28:19.6612242Z rustc 1.99.0 (b940084d7 2026-09-28)
2026-10-09T12:28:19.6612550Z binary: rustc
2026-10-09T12:28:19.6612833Z commit-hash: b940084d7eb6a299eb4bfeb8e34901bc051e7ac4
2026-10-09T12:28:19.6613202Z commit-date: 2026-09-28
2026-10-09T12:28:19.6613447Z host: x86_64-unknown-linux-gnu
2026-10-09T12:28:19.6613691Z release: 1.99.0
2026-10-09T12:28:19.6613893Z LLVM version: 23.1.1
2026-10-09T12:28:19.6635147Z ##[end-action id=__dtolnay_rust-toolchain.__run_10;outcome=success;conclusion=success;duration_ms=31]
2026-10-09T12:28:19.6749013Z ##[group]Run Swatinem/rust-cache@v2
2026-10-09T12:28:19.6749338Z with:
2026-10-09T12:28:19.6749555Z   shared-key: workspace-tests
2026-10-09T12:28:19.6749830Z   prefix-key: v0-rust
2026-10-09T12:28:19.6750052Z   add-job-id-key: true
2026-10-09T12:28:19.6750294Z   add-rust-environment-hash-key: true
2026-10-09T12:28:19.6750571Z   cache-targets: true
2026-10-09T12:28:19.6750794Z   cache-all-crates: false
2026-10-09T12:28:19.6751037Z   cache-workspace-crates: false
2026-10-09T12:28:19.6751285Z   save-if: true
2026-10-09T12:28:19.6751491Z   cache-provider: github
2026-10-09T12:28:19.6751712Z   cache-bin: true
2026-10-09T12:28:19.6751916Z   lookup-only: false
2026-10-09T12:28:19.6752120Z   cmd-format: {0}
2026-10-09T12:28:19.6752311Z env:
2026-10-09T12:28:19.6752495Z   CARGO_BUILD_JOBS: 2
2026-10-09T12:28:19.6752718Z   CARGO_HOME: /home/runner/.cargo
2026-10-09T12:28:19.6752974Z   CARGO_INCREMENTAL: 0
2026-10-09T12:28:19.6753194Z   CARGO_TERM_COLOR: always
2026-10-09T12:28:19.6753465Z ##[endgroup]
2026-10-09T12:28:21.1544998Z ##[group]Cache Configuration
2026-10-09T12:28:21.1545299Z Cache Provider:
2026-10-09T12:28:21.1545836Z     github
2026-10-09T12:28:21.1546024Z Workspaces:
2026-10-09T12:28:21.1546502Z     /home/runner/work/suss/suss
2026-10-09T12:28:21.1547046Z Cache Paths:
2026-10-09T12:28:21.1547478Z     /home/runner/.cargo/bin
2026-10-09T12:28:21.1547868Z     /home/runner/.cargo/.crates.toml
2026-10-09T12:28:21.1553518Z     /home/runner/.cargo/.crates2.json
2026-10-09T12:28:21.1554067Z     /home/runner/.cargo/registry
2026-10-09T12:28:21.1554593Z     /home/runner/.cargo/git
2026-10-09T12:28:21.1555176Z     /home/runner/work/suss/suss/target
2026-10-09T12:28:21.1555772Z Restore Key:
2026-10-09T12:28:21.1556218Z     v0-rust-workspace-tests-Linux-x64-52251cb1
2026-10-09T12:28:21.1556795Z Cache Key:
2026-10-09T12:28:21.1557240Z     v0-rust-workspace-tests-Linux-x64-52251cb1-f3c7db73
2026-10-09T12:28:21.1557637Z .. Prefix:
2026-10-09T12:28:21.1557903Z   - v0-rust-workspace-tests-Linux-x64
2026-10-09T12:28:21.1558397Z .. Environment considered:
2026-10-09T12:28:21.1559096Z   - Rust Versions:
2026-10-09T12:28:21.1559767Z     - 1.99.0 x86_64-unknown-linux-gnu b940084d7eb6a299eb4bfeb8e34901bc051e7ac4
2026-10-09T12:28:21.1560484Z   - CARGO_BUILD_JOBS
2026-10-09T12:28:21.1560918Z   - CARGO_HOME
2026-10-09T12:28:21.1561421Z   - CARGO_INCREMENTAL
2026-10-09T12:28:21.1561899Z   - CARGO_TERM_COLOR
2026-10-09T12:28:21.1562423Z .. Lockfiles considered:
2026-10-09T12:28:21.1562988Z   - /home/runner/work/suss/suss/Cargo.lock
2026-10-09T12:28:21.1563690Z   - /home/runner/work/suss/suss/crates/suss-cli/Cargo.toml
2026-10-09T12:28:21.1564455Z   - /home/runner/work/suss/suss/crates/suss-compile/Cargo.toml
2026-10-09T12:28:21.1565182Z   - /home/runner/work/suss/suss/crates/suss-core/Cargo.toml
2026-10-09T12:28:21.1565899Z   - /home/runner/work/suss/suss/crates/suss-reader/Cargo.toml
2026-10-09T12:28:21.1566688Z   - /home/runner/work/suss/suss/runtime/numeric/rust-toolchain.toml
2026-10-09T12:28:21.1567636Z ##[endgroup]
2026-10-09T12:28:21.1567961Z 
2026-10-09T12:28:21.1568457Z ... Restoring cache ...
2026-10-09T12:28:21.2460109Z Cache hit for: v0-rust-workspace-tests-Linux-x64-52251cb1-f3c7db73
2026-10-09T12:28:22.3020365Z Received 226492416 of 412711509 (54.9%), 215.8 MBs/sec
2026-10-09T12:28:23.0591727Z Received 412711509 of 412711509 (100.0%), 223.9 MBs/sec
2026-10-09T12:28:23.0592533Z Cache Size: ~394 MB (412711509 B)
2026-10-09T12:28:23.0713563Z [command]/usr/bin/tar -xf /home/runner/work/_temp/3eb6075a-ce37-4f80-9f79-7bebf48356e5/cache.tzst -P -C /home/runner/work/suss/suss --use-compress-program unzstd
2026-10-09T12:28:25.7121218Z Cache restored successfully
2026-10-09T12:28:26.1588213Z Restored from cache key "v0-rust-workspace-tests-Linux-x64-52251cb1-f3c7db73" full match: true.
2026-10-09T12:28:26.1816409Z ##[group]Run python3 scripts/ci_test_shards.py --count 8 --index 0
2026-10-09T12:28:26.1816956Z [36;1mpython3 scripts/ci_test_shards.py --count 8 --index 0[0m
2026-10-09T12:28:26.1884697Z shell: /usr/bin/bash -e {0}
2026-10-09T12:28:26.1884977Z env:
2026-10-09T12:28:26.1885208Z   CARGO_BUILD_JOBS: 2
2026-10-09T12:28:26.1885455Z   CARGO_HOME: /home/runner/.cargo
2026-10-09T12:28:26.1885757Z   CARGO_INCREMENTAL: 0
2026-10-09T12:28:26.1886007Z   CARGO_TERM_COLOR: always
2026-10-09T12:28:26.1886257Z   CACHE_ON_FAILURE: false
2026-10-09T12:28:26.1886498Z ##[endgroup]
2026-10-09T12:28:26.2444853Z {"index": 0, "count": 8, "total_targets": 211, "targets": [["suss-cli", "aot_source_preparation"], ["suss-cli", "compiled_artifact_identities"], ["suss-cli", "compiled_macro_analysis_context"], ["suss-cli", "compiled_macro_core_environment"], ["suss-cli", "compiled_macro_form_source_metadata"], ["suss-cli", "compiled_macro_indexed_data"], ["suss-cli", "compiled_macro_repeated_declarations"], ["suss-cli", "compiled_macro_syntax_quote"], ["suss-cli", "compiled_repl_macros"], ["suss-cli", "core_sorted_interfaces"], ["suss-cli", "portable_case"], ["suss-cli", "portable_comparisons"], ["suss-cli", "portable_dynamic_bindings"], ["suss-cli", "portable_hash_numeric_boundaries"], ["suss-cli", "portable_lazy_transformations"], ["suss-cli", "portable_native_objects"], ["suss-cli", "portable_public_hash"], ["suss-cli", "portable_reify"], ["suss-cli", "portable_subvector"], ["suss-compile", "native_compiled_host"], ["suss-compile", "portable_aot_exact_integers"], ["suss-compile", "portable_async_analysis"], ["suss-compile", "portable_case"], ["suss-compile", "portable_comparisons"], ["suss-compile", "portable_dynamic_bindings"], ["suss-compile", "public_compiled_pipeline"], ["suss-compile", "runtime_async_invocation_scope"], ["suss-compile", "session_lifecycle_native_publication_fuel"], ["suss-compile", "shared_runtime"]]}
2026-10-09T12:28:26.2459678Z cargo test --workspace --locked --test aot_source_preparation --test compiled_artifact_identities --test compiled_macro_analysis_context --test compiled_macro_core_environment --test compiled_macro_form_source_metadata --test compiled_macro_indexed_data --test compiled_macro_repeated_declarations --test compiled_macro_syntax_quote --test compiled_repl_macros --test core_sorted_interfaces --test native_compiled_host --test portable_aot_exact_integers --test portable_async_analysis --test portable_case --test portable_comparisons --test portable_dynamic_bindings --test portable_hash_numeric_boundaries --test portable_lazy_transformations --test portable_native_objects --test portable_public_hash --test portable_reify --test portable_subvector --test public_compiled_pipeline --test runtime_async_invocation_scope --test session_lifecycle_native_publication_fuel --test shared_runtime -- --test-threads=2
2026-10-09T12:28:26.5943959Z [1m[92m    Updating[0m crates.io index
2026-10-09T12:28:28.2517573Z [1m[92m   Compiling[0m suss-core v0.1.0 (/home/runner/work/suss/suss/crates/suss-core)
2026-10-09T12:28:28.2519400Z [1m[92m   Compiling[0m suss-compile v0.1.0 (/home/runner/work/suss/suss/crates/suss-compile)
2026-10-09T12:28:33.4997514Z [1m[92m   Compiling[0m suss-reader v0.1.0 (/home/runner/work/suss/suss/crates/suss-reader)
2026-10-09T12:28:35.5631191Z [1m[33mwarning[0m[1m: unused imports: `prepare_fragment` and `prepare_selected_fragment`[0m
2026-10-09T12:28:35.5632240Z  [1m[94m--> [0mcrates/suss-compile/src/portable/modules.rs:3:35
2026-10-09T12:28:35.5632720Z   [1m[94m|[0m
2026-10-09T12:28:35.5633363Z [1m[94m3[0m [1m[94m|[0m     Diagnostic, PreparedFragment, prepare_fragment, prepare_selected_fragment,
2026-10-09T12:28:35.5634271Z   [1m[94m|[0m                                   [1m[33m^^^^^^^^^^^^^^^^[0m  [1m[33m^^^^^^^^^^^^^^^^^^^^^^^^^[0m
2026-10-09T12:28:35.5634807Z   [1m[94m|[0m
2026-10-09T12:28:35.5635356Z   [1m[94m= [0m[1mnote[0m: `#[warn(unused_imports)]` (part of `#[warn(unused)]`) on by default
2026-10-09T12:28:35.5636268Z 
2026-10-09T12:28:35.5755437Z [1m[33mwarning[0m[1m: unused import: `suss_reader::ParserState`[0m
2026-10-09T12:28:35.5756115Z    [1m[94m--> [0mcrates/suss-compile/src/lib.rs:104:5
2026-10-09T12:28:35.5756558Z     [1m[94m|[0m
2026-10-09T12:28:35.5757042Z [1m[94m104[0m [1m[94m|[0m use suss_reader::ParserState;
2026-10-09T12:28:35.5757579Z     [1m[94m|[0m     [1m[33m^^^^^^^^^^^^^^^^^^^^^^^^[0m
2026-10-09T12:28:35.5757898Z 
2026-10-09T12:28:37.3115042Z [1m[33mwarning[0m[1m: use of deprecated method `std::sync::atomic::Atomic::<u64>::fetch_update`: renamed to `try_update` for consistency[0m
2026-10-09T12:28:37.3116328Z    [1m[94m--> [0mcrates/suss-compile/src/portable_session.rs:533:14
2026-10-09T12:28:37.3116932Z     [1m[94m|[0m
2026-10-09T12:28:37.3117701Z [1m[94m533[0m [1m[94m|[0m             .fetch_update(Ordering::Relaxed, Ordering::Relaxed, |next| {
2026-10-09T12:28:37.3118518Z     [1m[94m|[0m              [1m[33m^^^^^^^^^^^^[0m
2026-10-09T12:28:37.3119300Z     [1m[94m|[0m
2026-10-09T12:28:37.3119814Z     [1m[94m= [0m[1mnote[0m: `#[warn(deprecated)]` on by default
2026-10-09T12:28:37.3120514Z [1m[96mhelp[0m: replace the use of the deprecated method
2026-10-09T12:28:37.3121053Z     [1m[94m|[0m
2026-10-09T12:28:37.3121850Z [1m[94m533[0m [91m- [0m            .[91mfetch_update[0m(Ordering::Relaxed, Ordering::Relaxed, |next| {
2026-10-09T12:28:37.3123373Z [1m[94m533[0m [92m+ [0m            .[92mtry_update[0m(Ordering::Relaxed, Ordering::Relaxed, |next| {
2026-10-09T12:28:37.3124108Z     [1m[94m|[0m
2026-10-09T12:28:37.3124304Z 
2026-10-09T12:28:37.5376556Z [1m[33mwarning[0m[1m: unused variable: `base`[0m
2026-10-09T12:28:37.5377258Z    [1m[94m--> [0mcrates/suss-compile/src/runtime_abi/streams.rs:513:30
2026-10-09T12:28:37.5377778Z     [1m[94m|[0m
2026-10-09T12:28:37.5378284Z [1m[94m513[0m [1m[94m|[0m fn withdraw(b: &mut Builder, base: u32) -> u32 {
2026-10-09T12:28:37.5379580Z     [1m[94m|[0m                              [1m[33m^^^^[0m [1m[33mhelp: if this is intentional, prefix it with an underscore: `_base`[0m
2026-10-09T12:28:37.5380264Z     [1m[94m|[0m
2026-10-09T12:28:37.5380832Z     [1m[94m= [0m[1mnote[0m: `#[warn(unused_variables)]` (part of `#[warn(unused)]`) on by default
2026-10-09T12:28:37.5381303Z 
2026-10-09T12:28:38.0633672Z [1m[33mwarning[0m[1m: unused variable: `form`[0m
2026-10-09T12:28:38.0634694Z    [1m[94m--> [0mcrates/suss-compile/src/portable/hir/nominal.rs:970:9
2026-10-09T12:28:38.0635436Z     [1m[94m|[0m
2026-10-09T12:28:38.0635955Z [1m[94m970[0m [1m[94m|[0m         form: &Form,
2026-10-09T12:28:38.0637051Z     [1m[94m|[0m         [1m[33m^^^^[0m [1m[33mhelp: if this is intentional, prefix it with an underscore: `_form`[0m
2026-10-09T12:28:38.0637760Z 
2026-10-09T12:28:38.9199879Z [1m[33mwarning[0m[1m: unused variable: `depth`[0m
2026-10-09T12:28:38.9200676Z     [1m[94m--> [0mcrates/suss-compile/src/portable_macro_graph.rs:2183:39
2026-10-09T12:28:38.9201314Z      [1m[94m|[0m
2026-10-09T12:28:38.9201989Z [1m[94m2183[0m [1m[94m|[0m     fn lowering(&mut self, hir: &Hir, depth: usize) -> Result<Value> {
2026-10-09T12:28:38.9203179Z      [1m[94m|[0m                                       [1m[33m^^^^^[0m [1m[33mhelp: if this is intentional, prefix it with an underscore: `_depth`[0m
2026-10-09T12:28:38.9203874Z 
2026-10-09T12:28:39.1443432Z [1m[33mwarning[0m[1m: function `input_header` is never used[0m
2026-10-09T12:28:39.1444331Z    [1m[94m--> [0mcrates/suss-compile/src/portable/source.rs:301:15
2026-10-09T12:28:39.1445159Z     [1m[94m|[0m
2026-10-09T12:28:39.1445751Z [1m[94m301[0m [1m[94m|[0m pub(crate) fn input_header(
2026-10-09T12:28:39.1446479Z     [1m[94m|[0m               [1m[33m^^^^^^^^^^^^[0m
2026-10-09T12:28:39.1447010Z     [1m[94m|[0m
2026-10-09T12:28:39.1447699Z     [1m[94m= [0m[1mnote[0m: `#[warn(dead_code)]` (part of `#[warn(unused)]`) on by default
2026-10-09T12:28:39.1448275Z 
2026-10-09T12:28:39.1449318Z [1m[33mwarning[0m[1m: function `dependencies` is never used[0m
2026-10-09T12:28:39.1450239Z    [1m[94m--> [0mcrates/suss-compile/src/portable/source.rs:346:15
2026-10-09T12:28:39.1450876Z     [1m[94m|[0m
2026-10-09T12:28:39.1451397Z [1m[94m346[0m [1m[94m|[0m pub(crate) fn dependencies(
2026-10-09T12:28:39.1452068Z     [1m[94m|[0m               [1m[33m^^^^^^^^^^^^[0m
2026-10-09T12:28:39.1452439Z 
2026-10-09T12:28:39.1452794Z [1m[33mwarning[0m[1m: function `children` is never used[0m
2026-10-09T12:28:39.1453661Z   [1m[94m--> [0mcrates/suss-compile/src/portable/origin/form_metadata.rs:17:4
2026-10-09T12:28:39.1454338Z    [1m[94m|[0m
2026-10-09T12:28:39.1455027Z [1m[94m17[0m [1m[94m|[0m fn children(form: &Form) -> impl Iterator<Item = &Form> {
2026-10-09T12:28:39.1455768Z    [1m[94m|[0m    [1m[33m^^^^^^^^[0m
2026-10-09T12:28:39.1456068Z 
2026-10-09T12:28:40.7752585Z [1m[92m   Compiling[0m suss-cli v0.1.0 (/home/runner/work/suss/suss/crates/suss-cli)
2026-10-09T12:28:43.4718248Z [1m[33mwarning[0m: `suss-compile` (lib) generated 9 warnings (run `cargo fix --lib -p suss-compile` to apply 6 suggestions)
2026-10-09T12:28:44.6096012Z [1m[33mwarning[0m[1m: use of deprecated method `wasmtime::component::TypedFunc::<Params, Return>::post_return`: no longer needs to be called; this function has no effect[0m
2026-10-09T12:28:44.6098188Z    [1m[94m--> [0mcrates/suss-compile/tests/portable_aot_exact_integers.rs:162:16
2026-10-09T12:28:44.6099565Z     [1m[94m|[0m
2026-10-09T12:28:44.6100391Z [1m[94m162[0m [1m[94m|[0m         signed.post_return(&mut store).unwrap();
2026-10-09T12:28:44.6101231Z     [1m[94m|[0m                [1m[33m^^^^^^^^^^^[0m
2026-10-09T12:28:44.6101881Z     [1m[94m|[0m
2026-10-09T12:28:44.6102534Z     [1m[94m= [0m[1mnote[0m: `#[warn(deprecated)]` on by default
2026-10-09T12:28:44.6103070Z 
2026-10-09T12:28:44.6104338Z [1m[33mwarning[0m[1m: use of deprecated method `wasmtime::component::TypedFunc::<Params, Return>::post_return`: no longer needs to be called; this function has no effect[0m
2026-10-09T12:28:44.6105857Z    [1m[94m--> [0mcrates/suss-compile/tests/portable_aot_exact_integers.rs:165:16
2026-10-09T12:28:44.6106649Z     [1m[94m|[0m
2026-10-09T12:28:44.6107347Z [1m[94m165[0m [1m[94m|[0m         recall.post_return(&mut store).unwrap();
2026-10-09T12:28:44.6108170Z     [1m[94m|[0m                [1m[33m^^^^^^^^^^^[0m
2026-10-09T12:28:44.6109059Z 
2026-10-09T12:28:44.6110307Z [1m[33mwarning[0m[1m: use of deprecated method `wasmtime::component::TypedFunc::<Params, Return>::post_return`: no longer needs to be called; this function has no effect[0m
2026-10-09T12:28:44.6111940Z    [1m[94m--> [0mcrates/suss-compile/tests/portable_aot_exact_integers.rs:173:18
2026-10-09T12:28:44.6112743Z     [1m[94m|[0m
2026-10-09T12:28:44.6113461Z [1m[94m173[0m [1m[94m|[0m         unsigned.post_return(&mut store).unwrap();
2026-10-09T12:28:44.6114337Z     [1m[94m|[0m                  [1m[33m^^^^^^^^^^^[0m
2026-10-09T12:28:44.6114815Z 
2026-10-09T12:28:44.6116001Z [1m[33mwarning[0m[1m: use of deprecated method `wasmtime::component::TypedFunc::<Params, Return>::post_return`: no longer needs to be called; this function has no effect[0m
2026-10-09T12:28:44.6117496Z    [1m[94m--> [0mcrates/suss-compile/tests/portable_aot_exact_integers.rs:178:16
2026-10-09T12:28:44.6118305Z     [1m[94m|[0m
2026-10-09T12:28:44.6119215Z [1m[94m178[0m [1m[94m|[0m         signed.post_return(&mut store).unwrap();
2026-10-09T12:28:44.6120042Z     [1m[94m|[0m                [1m[33m^^^^^^^^^^^[0m
2026-10-09T12:28:44.6120532Z 
2026-10-09T12:28:44.6127455Z [1m[33mwarning[0m[1m: use of deprecated method `wasmtime::component::TypedFunc::<Params, Return>::post_return`: no longer needs to be called; this function has no effect[0m
2026-10-09T12:28:44.6137041Z    [1m[94m--> [0mcrates/suss-compile/tests/portable_aot_exact_integers.rs:203:16
2026-10-09T12:28:44.6137723Z     [1m[94m|[0m
2026-10-09T12:28:44.6138554Z [1m[94m203[0m [1m[94m|[0m         signed.post_return(&mut store).unwrap();
2026-10-09T12:28:44.6139490Z     [1m[94m|[0m                [1m[33m^^^^^^^^^^^[0m
2026-10-09T12:28:44.6139826Z 
2026-10-09T12:28:44.6140955Z [1m[33mwarning[0m[1m: use of deprecated method `wasmtime::component::TypedFunc::<Params, Return>::post_return`: no longer needs to be called; this function has no effect[0m
2026-10-09T12:28:44.6153081Z    [1m[94m--> [0mcrates/suss-compile/tests/portable_aot_exact_integers.rs:212:18
2026-10-09T12:28:44.6153850Z     [1m[94m|[0m
2026-10-09T12:28:44.6154479Z [1m[94m212[0m [1m[94m|[0m         unsigned.post_return(&mut store).unwrap();
2026-10-09T12:28:44.6155255Z     [1m[94m|[0m                  [1m[33m^^^^^^^^^^^[0m
2026-10-09T12:28:44.6155618Z 
2026-10-09T12:28:44.6180012Z [1m[33mwarning[0m[1m: use of deprecated method `wasmtime::component::TypedFunc::<Params, Return>::post_return`: no longer needs to be called; this function has no effect[0m
2026-10-09T12:28:44.6195723Z    [1m[94m--> [0mcrates/suss-compile/tests/portable_aot_exact_integers.rs:230:16
2026-10-09T12:28:44.6196434Z     [1m[94m|[0m
2026-10-09T12:28:44.6242838Z [1m[94m230[0m [1m[94m|[0m         signed.post_return(&mut store).unwrap();
2026-10-09T12:28:44.6245090Z     [1m[94m|[0m                [1m[33m^^^^^^^^^^^[0m
2026-10-09T12:28:44.6245726Z 
2026-10-09T12:28:44.6246899Z [1m[33mwarning[0m[1m: use of deprecated method `wasmtime::component::TypedFunc::<Params, Return>::post_return`: no longer needs to be called; this function has no effect[0m
2026-10-09T12:28:44.6248263Z    [1m[94m--> [0mcrates/suss-compile/tests/portable_aot_exact_integers.rs:236:14
2026-10-09T12:28:44.6249115Z     [1m[94m|[0m
2026-10-09T12:28:44.6249644Z [1m[94m236[0m [1m[94m|[0m     unsigned.post_return(&mut store).unwrap();
2026-10-09T12:28:44.6250311Z     [1m[94m|[0m              [1m[33m^^^^^^^^^^^[0m
2026-10-09T12:28:44.6250622Z 
2026-10-09T12:28:44.6251686Z [1m[33mwarning[0m[1m: use of deprecated method `wasmtime::component::TypedFunc::<Params, Return>::post_return`: no longer needs to be called; this function has no effect[0m
2026-10-09T12:28:44.6305642Z    [1m[94m--> [0mcrates/suss-compile/tests/portable_aot_exact_integers.rs:392:12
2026-10-09T12:28:44.6306377Z     [1m[94m|[0m
2026-10-09T12:28:44.6306908Z [1m[94m392[0m [1m[94m|[0m     signed.post_return(&mut store).unwrap();
2026-10-09T12:28:44.6307579Z     [1m[94m|[0m            [1m[33m^^^^^^^^^^^[0m
2026-10-09T12:28:44.6307883Z 
2026-10-09T12:28:44.6309296Z [1m[33mwarning[0m[1m: use of deprecated method `wasmtime::component::TypedFunc::<Params, Return>::post_return`: no longer needs to be called; this function has no effect[0m
2026-10-09T12:28:44.6327547Z    [1m[94m--> [0mcrates/suss-compile/tests/portable_aot_exact_integers.rs:394:14
2026-10-09T12:28:44.6328147Z     [1m[94m|[0m
2026-10-09T12:28:44.6328546Z [1m[94m394[0m [1m[94m|[0m     unsigned.post_return(&mut store).unwrap();
2026-10-09T12:28:44.6329583Z     [1m[94m|[0m              [1m[33m^^^^^^^^^^^[0m
2026-10-09T12:28:44.6329954Z 
2026-10-09T12:28:44.6331197Z [1m[33mwarning[0m[1m: use of deprecated method `wasmtime::component::TypedFunc::<Params, Return>::post_return`: no longer needs to be called; this function has no effect[0m
2026-10-09T12:28:44.6332755Z    [1m[94m--> [0mcrates/suss-compile/tests/portable_aot_exact_integers.rs:421:16
2026-10-09T12:28:44.6333499Z     [1m[94m|[0m
2026-10-09T12:28:44.6334108Z [1m[94m421[0m [1m[94m|[0m         choose.post_return(&mut store).unwrap();
2026-10-09T12:28:44.6334852Z     [1m[94m|[0m                [1m[33m^^^^^^^^^^^[0m
2026-10-09T12:28:44.6335211Z 
2026-10-09T12:28:44.6336393Z [1m[33mwarning[0m[1m: use of deprecated method `wasmtime::component::TypedFunc::<Params, Return>::post_return`: no longer needs to be called; this function has no effect[0m
2026-10-09T12:28:44.6337920Z    [1m[94m--> [0mcrates/suss-compile/tests/portable_aot_exact_integers.rs:442:12
2026-10-09T12:28:44.6339269Z     [1m[94m|[0m
2026-10-09T12:28:44.6339924Z [1m[94m442[0m [1m[94m|[0m     signed.post_return(&mut store).unwrap();
2026-10-09T12:28:44.6340675Z     [1m[94m|[0m            [1m[33m^^^^^^^^^^^[0m
2026-10-09T12:28:44.6341014Z 
2026-10-09T12:28:44.6342224Z [1m[33mwarning[0m[1m: use of deprecated method `wasmtime::component::TypedFunc::<Params, Return>::post_return`: no longer needs to be called; this function has no effect[0m
2026-10-09T12:28:44.6343781Z    [1m[94m--> [0mcrates/suss-compile/tests/portable_aot_exact_integers.rs:444:14
2026-10-09T12:28:44.6344493Z     [1m[94m|[0m
2026-10-09T12:28:44.6369425Z [1m[94m444[0m [1m[94m|[0m     unsigned.post_return(&mut store).unwrap();
2026-10-09T12:28:44.6370096Z     [1m[94m|[0m              [1m[33m^^^^^^^^^^^[0m
2026-10-09T12:28:44.6370406Z 
2026-10-09T12:28:44.6371482Z [1m[33mwarning[0m[1m: use of deprecated method `wasmtime::component::TypedFunc::<Params, Return>::post_return`: no longer needs to be called; this function has no effect[0m
2026-10-09T12:28:44.6372833Z    [1m[94m--> [0mcrates/suss-compile/tests/portable_aot_exact_integers.rs:460:12
2026-10-09T12:28:44.6373457Z     [1m[94m|[0m
2026-10-09T12:28:44.6373977Z [1m[94m460[0m [1m[94m|[0m     signed.post_return(&mut store).unwrap();
2026-10-09T12:28:44.6374591Z     [1m[94m|[0m            [1m[33m^^^^^^^^^^^[0m
2026-10-09T12:28:44.6375191Z 
2026-10-09T12:28:44.6376206Z [1m[33mwarning[0m[1m: use of deprecated method `wasmtime::component::TypedFunc::<Params, Return>::post_return`: no longer needs to be called; this function has no effect[0m
2026-10-09T12:28:44.6377525Z    [1m[94m--> [0mcrates/suss-compile/tests/portable_aot_exact_integers.rs:462:14
2026-10-09T12:28:44.6378139Z     [1m[94m|[0m
2026-10-09T12:28:44.6378858Z [1m[94m462[0m [1m[94m|[0m     unsigned.post_return(&mut store).unwrap();
2026-10-09T12:28:44.6379522Z     [1m[94m|[0m              [1m[33m^^^^^^^^^^^[0m
2026-10-09T12:28:44.6379817Z 
2026-10-09T12:28:45.7686324Z [1m[33mwarning[0m: `suss-compile` (test "portable_aot_exact_integers") generated 15 warnings
2026-10-09T12:28:46.9294749Z [1m[33mwarning[0m[1m: unexpected `cfg` condition value: `component`[0m
2026-10-09T12:28:46.9296013Z    [1m[94m--> [0mcrates/suss-cli/src/main.rs:603:25
2026-10-09T12:28:46.9296807Z     [1m[94m|[0m
2026-10-09T12:28:46.9297877Z [1m[94m603[0m [1m[94m|[0m #[cfg(all(unix, not(all(feature = "component", target_family = "wasm"))))]
2026-10-09T12:28:46.9299450Z     [1m[94m|[0m                         [1m[33m^^^^^^^^^^^^^^^^^^^^^[0m
2026-10-09T12:28:46.9300258Z     [1m[94m|[0m
2026-10-09T12:28:46.9301071Z     [1m[94m= [0m[1mnote[0m: expected values for `feature` are: `default`
2026-10-09T12:28:46.9302254Z     [1m[94m= [0m[1mhelp[0m: consider adding `component` as a feature in `Cargo.toml`
2026-10-09T12:28:46.9304184Z     [1m[94m= [0m[1mnote[0m: see <https://doc.rust-lang.org/nightly/rustc/check-cfg/cargo-specifics.html> for more information about checking conditional configuration
2026-10-09T12:28:46.9305880Z     [1m[94m= [0m[1mnote[0m: `#[warn(unexpected_cfgs)]` on by default
2026-10-09T12:28:46.9306504Z 
2026-10-09T12:28:47.0702530Z [1m[33mwarning[0m[1m: use of deprecated method `wasmtime::component::TypedFunc::<Params, Return>::post_return`: no longer needs to be called; this function has no effect[0m
2026-10-09T12:28:47.0704297Z   [1m[94m--> [0mcrates/suss-cli/tests/aot_source_preparation.rs:82:13
2026-10-09T12:28:47.0705025Z    [1m[94m|[0m
2026-10-09T12:28:47.0705662Z [1m[94m82[0m [1m[94m|[0m     effects.post_return(&mut store).unwrap();
2026-10-09T12:28:47.0706446Z    [1m[94m|[0m             [1m[33m^^^^^^^^^^^[0m
2026-10-09T12:28:47.0707017Z    [1m[94m|[0m
2026-10-09T12:28:47.0707604Z    [1m[94m= [0m[1mnote[0m: `#[warn(deprecated)]` on by default
2026-10-09T12:28:47.0708077Z 
2026-10-09T12:28:47.0711881Z [1m[33mwarning[0m[1m: use of deprecated method `wasmtime::component::TypedFunc::<Params, Return>::post_return`: no longer needs to be called; this function has no effect[0m
2026-10-09T12:28:47.0713838Z   [1m[94m--> [0mcrates/suss-cli/tests/aot_source_preparation.rs:87:15
2026-10-09T12:28:47.0714833Z    [1m[94m|[0m
2026-10-09T12:28:47.0715715Z [1m[94m87[0m [1m[94m|[0m     calculate.post_return(&mut store).unwrap();
2026-10-09T12:28:47.0716796Z    [1m[94m|[0m               [1m[33m^^^^^^^^^^^[0m
2026-10-09T12:28:47.0717488Z 
2026-10-09T12:28:47.0719593Z [1m[33mwarning[0m[1m: use of deprecated method `wasmtime::component::TypedFunc::<Params, Return>::post_return`: no longer needs to be called; this function has no effect[0m
2026-10-09T12:28:47.0721529Z   [1m[94m--> [0mcrates/suss-cli/tests/aot_source_preparation.rs:89:13
2026-10-09T12:28:47.0722712Z    [1m[94m|[0m
2026-10-09T12:28:47.0723677Z [1m[94m89[0m [1m[94m|[0m     effects.post_return(&mut store).unwrap();
2026-10-09T12:28:47.0724648Z    [1m[94m|[0m             [1m[33m^^^^^^^^^^^[0m
2026-10-09T12:28:47.0725225Z 
2026-10-09T12:28:47.0726757Z [1m[33mwarning[0m[1m: use of deprecated method `wasmtime::component::TypedFunc::<Params, Return>::post_return`: no longer needs to be called; this function has no effect[0m
2026-10-09T12:28:47.0728530Z   [1m[94m--> [0mcrates/suss-cli/tests/aot_source_preparation.rs:92:15
2026-10-09T12:28:47.0729741Z    [1m[94m|[0m
2026-10-09T12:28:47.0730935Z [1m[94m92[0m [1m[94m|[0m     calculate.post_return(&mut store).unwrap();
2026-10-09T12:28:47.0731968Z    [1m[94m|[0m               [1m[33m^^^^^^^^^^^[0m
2026-10-09T12:28:47.0732532Z 
2026-10-09T12:28:47.0733881Z [1m[33mwarning[0m[1m: use of deprecated method `wasmtime::component::TypedFunc::<Params, Return>::post_return`: no longer needs to be called; this function has no effect[0m
2026-10-09T12:28:47.0735697Z   [1m[94m--> [0mcrates/suss-cli/tests/aot_source_preparation.rs:94:13
2026-10-09T12:28:47.0736625Z    [1m[94m|[0m
2026-10-09T12:28:47.0737462Z [1m[94m94[0m [1m[94m|[0m     effects.post_return(&mut store).unwrap();
2026-10-09T12:28:47.0738376Z    [1m[94m|[0m             [1m[33m^^^^^^^^^^^[0m
2026-10-09T12:28:47.0739202Z 
2026-10-09T12:28:47.0768804Z [1m[33mwarning[0m[1m: use of deprecated method `wasmtime::component::TypedFunc::<Params, Return>::post_return`: no longer needs to be called; this function has no effect[0m
2026-10-09T12:28:47.0770499Z    [1m[94m--> [0mcrates/suss-cli/tests/aot_source_preparation.rs:192:18
2026-10-09T12:28:47.0788253Z     [1m[94m|[0m
2026-10-09T12:28:47.0789252Z [1m[94m192[0m [1m[94m|[0m         function.post_return(&mut store).unwrap();
2026-10-09T12:28:47.0790131Z     [1m[94m|[0m                  [1m[33m^^^^^^^^^^^[0m
2026-10-09T12:28:47.0790527Z 
2026-10-09T12:28:47.0797066Z [1m[33mwarning[0m[1m: use of deprecated method `wasmtime::component::TypedFunc::<Params, Return>::post_return`: no longer needs to be called; this function has no effect[0m
2026-10-09T12:28:47.0799492Z    [1m[94m--> [0mcrates/suss-cli/tests/aot_source_preparation.rs:249:17
2026-10-09T12:28:47.0800541Z     [1m[94m|[0m
2026-10-09T12:28:47.0801432Z [1m[94m249[0m [1m[94m|[0m         effects.post_return(&mut store).unwrap();
2026-10-09T12:28:47.0802524Z     [1m[94m|[0m                 [1m[33m^^^^^^^^^^^[0m
2026-10-09T12:28:47.0803142Z 
2026-10-09T12:28:47.0804583Z [1m[33mwarning[0m[1m: use of deprecated method `wasmtime::component::TypedFunc::<Params, Return>::post_return`: no longer needs to be called; this function has no effect[0m
2026-10-09T12:28:47.0806403Z    [1m[94m--> [0mcrates/suss-cli/tests/aot_source_preparation.rs:251:19
2026-10-09T12:28:47.0807297Z     [1m[94m|[0m
2026-10-09T12:28:47.0808157Z [1m[94m251[0m [1m[94m|[0m         calculate.post_return(&mut store).unwrap();
2026-10-09T12:28:47.0809548Z     [1m[94m|[0m                   [1m[33m^^^^^^^^^^^[0m
2026-10-09T12:28:47.0810146Z 
2026-10-09T12:28:47.0811884Z [1m[33mwarning[0m[1m: use of deprecated method `wasmtime::component::TypedFunc::<Params, Return>::post_return`: no longer needs to be called; this function has no effect[0m
2026-10-09T12:28:47.0813666Z    [1m[94m--> [0mcrates/suss-cli/tests/aot_source_preparation.rs:256:17
2026-10-09T12:28:47.0814538Z     [1m[94m|[0m
2026-10-09T12:28:47.0815396Z [1m[94m256[0m [1m[94m|[0m         effects.post_return(&mut store).unwrap();
2026-10-09T12:28:47.0816543Z     [1m[94m|[0m                 [1m[33m^^^^^^^^^^^[0m
2026-10-09T12:28:47.0817148Z 
2026-10-09T12:28:47.0818843Z [1m[33mwarning[0m[1m: use of deprecated method `wasmtime::component::TypedFunc::<Params, Return>::post_return`: no longer needs to be called; this function has no effect[0m
2026-10-09T12:28:47.0820670Z    [1m[94m--> [0mcrates/suss-cli/tests/aot_source_preparation.rs:259:19
2026-10-09T12:28:47.0821605Z     [1m[94m|[0m
2026-10-09T12:28:47.0822471Z [1m[94m259[0m [1m[94m|[0m         calculate.post_return(&mut store).unwrap();
2026-10-09T12:28:47.0823537Z     [1m[94m|[0m                   [1m[33m^^^^^^^^^^^[0m
2026-10-09T12:28:47.0824145Z 
2026-10-09T12:28:47.0825717Z [1m[33mwarning[0m[1m: use of deprecated method `wasmtime::component::TypedFunc::<Params, Return>::post_return`: no longer needs to be called; this function has no effect[0m
2026-10-09T12:28:47.0827532Z    [1m[94m--> [0mcrates/suss-cli/tests/aot_source_preparation.rs:264:17
2026-10-09T12:28:47.0828461Z     [1m[94m|[0m
2026-10-09T12:28:47.0829927Z [1m[94m264[0m [1m[94m|[0m         effects.post_return(&mut store).unwrap();
2026-10-09T12:28:47.0830946Z     [1m[94m|[0m                 [1m[33m^^^^^^^^^^^[0m
2026-10-09T12:28:47.0831549Z 
2026-10-09T12:28:47.7338408Z [1m[33mwarning[0m: `suss-cli` (test "aot_source_preparation") generated 11 warnings
2026-10-09T12:28:50.3353472Z [1m[33mwarning[0m[1m: use of deprecated method `wasmtime::component::TypedFunc::<Params, Return>::post_return`: no longer needs to be called; this function has no effect[0m
2026-10-09T12:28:50.3355051Z   [1m[94m--> [0mcrates/suss-compile/tests/public_compiled_pipeline.rs:89:19
2026-10-09T12:28:50.3355738Z    [1m[94m|[0m
2026-10-09T12:28:50.3356342Z [1m[94m89[0m [1m[94m|[0m         calculate.post_return(&mut store).unwrap();
2026-10-09T12:28:50.3357104Z    [1m[94m|[0m                   [1m[33m^^^^^^^^^^^[0m
2026-10-09T12:28:50.3357605Z    [1m[94m|[0m
2026-10-09T12:28:50.3358151Z    [1m[94m= [0m[1mnote[0m: `#[warn(deprecated)]` on by default
2026-10-09T12:28:50.3358879Z 
2026-10-09T12:28:50.3420742Z [1m[33mwarning[0m[1m: use of deprecated method `wasmtime::component::TypedFunc::<Params, Return>::post_return`: no longer needs to be called; this function has no effect[0m
2026-10-09T12:28:50.3422507Z    [1m[94m--> [0mcrates/suss-compile/tests/public_compiled_pipeline.rs:197:15
2026-10-09T12:28:50.3423322Z     [1m[94m|[0m
2026-10-09T12:28:50.3424001Z [1m[94m197[0m [1m[94m|[0m         count.post_return(&mut store).unwrap();
2026-10-09T12:28:50.3424803Z     [1m[94m|[0m               [1m[33m^^^^^^^^^^^[0m
2026-10-09T12:28:50.3425241Z 
2026-10-09T12:28:50.3449097Z [1m[33mwarning[0m[1m: use of deprecated method `wasmtime::component::TypedFunc::<Params, Return>::post_return`: no longer needs to be called; this function has no effect[0m
2026-10-09T12:28:50.3450860Z    [1m[94m--> [0mcrates/suss-compile/tests/public_compiled_pipeline.rs:266:16
2026-10-09T12:28:50.3451653Z     [1m[94m|[0m
2026-10-09T12:28:50.3452350Z [1m[94m266[0m [1m[94m|[0m         rotate.post_return(&mut store).unwrap();
2026-10-09T12:28:50.3453195Z     [1m[94m|[0m                [1m[33m^^^^^^^^^^^[0m
2026-10-09T12:28:50.3453586Z 
2026-10-09T12:28:50.3463866Z [1m[33mwarning[0m[1m: use of deprecated method `wasmtime::component::TypedFunc::<Params, Return>::post_return`: no longer needs to be called; this function has no effect[0m
2026-10-09T12:28:50.3465579Z    [1m[94m--> [0mcrates/suss-compile/tests/public_compiled_pipeline.rs:310:19
2026-10-09T12:28:50.3466390Z     [1m[94m|[0m
2026-10-09T12:28:50.3467581Z [1m[94m310[0m [1m[94m|[0m         calculate.post_return(&mut store).unwrap();
2026-10-09T12:28:50.3468525Z     [1m[94m|[0m                   [1m[33m^^^^^^^^^^^[0m
2026-10-09T12:28:50.3469217Z 
2026-10-09T12:28:50.3475210Z [1m[33mwarning[0m[1m: use of deprecated method `wasmtime::component::TypedFunc::<Params, Return>::post_return`: no longer needs to be called; this function has no effect[0m
2026-10-09T12:28:50.3476965Z    [1m[94m--> [0mcrates/suss-compile/tests/public_compiled_pipeline.rs:337:10
2026-10-09T12:28:50.3477771Z     [1m[94m|[0m
2026-10-09T12:28:50.3478431Z [1m[94m337[0m [1m[94m|[0m     echo.post_return(&mut store).unwrap();
2026-10-09T12:28:50.3479500Z     [1m[94m|[0m          [1m[33m^^^^^^^^^^^[0m
2026-10-09T12:28:50.3479872Z 
2026-10-09T12:28:50.9950642Z [1m[33mwarning[0m: `suss-compile` (test "public_compiled_pipeline") generated 5 warnings
2026-10-09T12:28:55.8716624Z [1m[33mwarning[0m: `suss-cli` (bin "suss") generated 1 warning
2026-10-09T12:28:55.8757550Z [1m[92m    Finished[0m `test` profile [unoptimized] target(s) in 29.61s
2026-10-09T12:28:55.9076667Z [1m[92m     Running[0m tests/aot_source_preparation.rs (target/debug/deps/aot_source_preparation-613a2216d38b6bf2)
2026-10-09T12:28:55.9096158Z 
2026-10-09T12:28:55.9096416Z running 4 tests
2026-10-09T12:29:24.1559320Z test source_macro_and_runtime_dependency_feed_the_same_component_pipeline ... ok
2026-10-09T12:29:24.1681964Z test compiled_source_macro_executes_through_a_versioned_exported_interface ... ok
2026-10-09T12:29:39.2172056Z test source_preparation_defers_runtime_throw_until_component_instantiation ... ok
2026-10-09T12:29:39.2290112Z test source_preparation_deduplicates_diamond_dependencies_and_isolates_macro_state ... ok
2026-10-09T12:29:39.2290799Z 
2026-10-09T12:29:39.2291375Z test result: ok. 4 passed; 0 failed; 0 ignored; 0 measured; 0 filtered out; finished in 43.32s
2026-10-09T12:29:39.2291822Z 
2026-10-09T12:29:39.3430157Z [1m[92m     Running[0m tests/compiled_artifact_identities.rs (target/debug/deps/compiled_artifact_identities-2ae14253d16b81a6)
2026-10-09T12:29:39.3447296Z 
2026-10-09T12:29:39.3447524Z running 2 tests
2026-10-09T12:29:40.2353271Z test source_artifact_identity_keeps_external_macro_provenance_unknown ... ok
2026-10-09T12:29:50.9965594Z test source_artifact_identity_records_actual_macro_versions_and_rejects_prior_graph ... ok
2026-10-09T12:29:50.9966346Z 
2026-10-09T12:29:50.9966770Z test result: ok. 2 passed; 0 failed; 0 ignored; 0 measured; 0 filtered out; finished in 11.65s
2026-10-09T12:29:50.9967235Z 
2026-10-09T12:29:51.0606219Z [1m[92m     Running[0m tests/compiled_macro_analysis_context.rs (target/debug/deps/compiled_macro_analysis_context-85d51623edc8b39c)
2026-10-09T12:29:51.0623104Z 
2026-10-09T12:29:51.0623328Z running 1 test
2026-10-09T12:30:11.3487136Z test compiler_analysis_context_matches_pinned_facts_without_granting_recur_tail_scope ... ok
2026-10-09T12:30:11.3487574Z 
2026-10-09T12:30:11.3487873Z test result: ok. 1 passed; 0 failed; 0 ignored; 0 measured; 0 filtered out; finished in 20.29s
2026-10-09T12:30:11.3488233Z 
2026-10-09T12:30:11.4260792Z [1m[92m     Running[0m tests/compiled_macro_core_environment.rs (target/debug/deps/compiled_macro_core_environment-12e93771a9cf0a32)
2026-10-09T12:30:11.4277521Z 
2026-10-09T12:30:11.4277896Z running 1 test
2026-10-09T12:31:11.4280491Z test compiled_macro_core_namespace_keeps_complete_declaration_records has been running for over 60 seconds
2026-10-09T12:33:44.3280559Z test compiled_macro_core_namespace_keeps_complete_declaration_records ... ok
2026-10-09T12:33:44.3281138Z 
2026-10-09T12:33:44.3281478Z test result: ok. 1 passed; 0 failed; 0 ignored; 0 measured; 0 filtered out; finished in 212.90s
2026-10-09T12:33:44.3281954Z 
2026-10-09T12:33:44.4044887Z [1m[92m     Running[0m tests/compiled_macro_form_source_metadata.rs (target/debug/deps/compiled_macro_form_source_metadata-2d9122db8dd63c38)
2026-10-09T12:33:44.4061708Z 
2026-10-09T12:33:44.4061859Z running 10 tests
2026-10-09T12:34:33.5220591Z test compiled_source_macro_file_metadata_uses_the_loaded_source_path ... ok
2026-10-09T12:34:41.2335976Z test compiled_source_macro_conditional_and_chained_metadata_match_actual_reader_data ... ok
2026-10-09T12:34:59.7485296Z test compiled_source_macro_form_preserves_explicit_location_overrides ... ok
2026-10-09T12:35:27.2069534Z test compiled_source_macro_generated_syntax_does_not_invent_reader_locations ... ok
2026-10-09T12:35:34.9821260Z test compiled_source_macro_form_retains_reader_positions_on_nested_syntax ... ok
2026-10-09T12:35:53.2633637Z test compiled_source_macro_metadata_bound_failure_preserves_bindings_and_recovers ... ok
2026-10-09T12:36:01.1841989Z test compiled_source_macro_metadata_is_data_and_never_replays_assignment_syntax ... ok
2026-10-09T12:36:01.1845656Z test source_metadata_snapshot_rejects_invalid_source_instead_of_erasing_failure ... ok
2026-10-09T12:36:01.1846947Z test source_metadata_snapshot_rejects_non_unicode_paths_instead_of_replacement_characters ... ok
2026-10-09T12:36:11.2940376Z test compiled_source_macro_tag_values_retain_their_own_reader_metadata ... ok
2026-10-09T12:36:11.2941202Z 
2026-10-09T12:36:11.2941796Z test result: ok. 10 passed; 0 failed; 0 ignored; 0 measured; 0 filtered out; finished in 146.89s
2026-10-09T12:36:11.2953514Z 
2026-10-09T12:36:11.4109481Z [1m[92m     Running[0m tests/compiled_macro_indexed_data.rs (target/debug/deps/compiled_macro_indexed_data-71c678e50c47a357)
2026-10-09T12:36:11.4126738Z 
2026-10-09T12:36:11.4126894Z running 3 tests
2026-10-09T12:36:22.5651909Z test compiled_macro_indexed_data_rejects_bad_storage_indices_metadata_and_limits ... ok
2026-10-09T12:36:31.8017705Z test compiled_macro_indexed_data_returns_actual_variadic_arguments_as_code ... ok
2026-10-09T12:36:31.9221408Z test compiled_macro_indexed_data_decodes_array_string_and_cons_tails_after_gc ... ok
2026-10-09T12:36:31.9221957Z 
2026-10-09T12:36:31.9222301Z test result: ok. 3 passed; 0 failed; 0 ignored; 0 measured; 0 filtered out; finished in 20.51s
2026-10-09T12:36:31.9222774Z 
2026-10-09T12:36:32.0075847Z [1m[92m     Running[0m tests/compiled_macro_repeated_declarations.rs (target/debug/deps/compiled_macro_repeated_declarations-7a1a9ff80014d255)
2026-10-09T12:36:32.0092877Z 
2026-10-09T12:36:32.0093101Z running 1 test
2026-10-09T12:37:30.8609281Z test repeated_declare_keeps_existing_snapshot_catalog_and_runtime_bindings ... ok
2026-10-09T12:37:30.8609746Z 
2026-10-09T12:37:30.8610053Z test result: ok. 1 passed; 0 failed; 0 ignored; 0 measured; 0 filtered out; finished in 58.85s
2026-10-09T12:37:30.8610411Z 
2026-10-09T12:37:30.9456880Z [1m[92m     Running[0m tests/compiled_macro_syntax_quote.rs (target/debug/deps/compiled_macro_syntax_quote-a19258ce9fff3001)
2026-10-09T12:37:30.9473473Z 
2026-10-09T12:37:30.9473694Z running 12 tests
2026-10-09T12:37:52.0233625Z test compiled_macro_lazy_concat_output_is_executed_as_source_forms ... ok
2026-10-09T12:37:52.0877629Z test compiled_macro_lazy_chunked_concat_output_is_executed_as_source_forms ... ok
2026-10-09T12:37:52.5911440Z test compiled_macro_lazy_metadata_is_validated_before_thunk_effects ... ok
2026-10-09T12:37:53.1216061Z test compiled_macro_lazy_output_rejects_cycles_and_recovers_without_publication ... ok
2026-10-09T12:37:53.1310899Z test compiled_macro_lazy_undefined_sequence_tail_is_empty ... ok
2026-10-09T12:37:53.7420083Z test compiled_macro_syntax_quote_executes_unquote_and_sequence_splicing ... ok
2026-10-09T12:37:55.4331869Z test compiled_macro_reader_provenance_retains_automatic_parent_positions ... ok
2026-10-09T12:38:04.3285630Z test compiled_macro_syntax_quote_preserves_collection_data_without_reexecution ... ok
2026-10-09T12:38:13.3595581Z test compiled_macro_syntax_quote_reuses_auto_gensyms_and_evaluates_input_once ... ok
2026-10-09T12:38:14.1388237Z test compiled_macro_syntax_quote_matches_actual_pinned_execution_and_reader_form ... ok
2026-10-09T12:38:14.5612498Z test syntax_quote_state_survives_fragments_and_failed_input_does_not_advance_it ... ok
2026-10-09T12:38:34.2641439Z test compiled_syntax_quote_splices_inside_defn_helpers_of_macro_namespaces ... ok
2026-10-09T12:38:34.2641993Z 
2026-10-09T12:38:34.2642687Z test result: ok. 12 passed; 0 failed; 0 ignored; 0 measured; 0 filtered out; finished in 63.32s
2026-10-09T12:38:34.2643209Z 
2026-10-09T12:38:34.3702470Z [1m[92m     Running[0m tests/compiled_repl_macros.rs (target/debug/deps/compiled_repl_macros-d0ec5b5478b6f9b6)
2026-10-09T12:38:34.3720141Z 
2026-10-09T12:38:34.3720362Z running 6 tests
2026-10-09T12:39:12.5873051Z test namespace_session_command_compiled_macro_definitions_respect_exclusions_and_aliases ... ok
2026-10-09T12:39:15.5489844Z test namespace_session_command_compiled_macros_expand_load_and_reload ... ok
2026-10-09T12:39:48.5790049Z test persistent_session_command_compiled_macro_core_aliases_conditionals_and_shadowing ... ok
2026-10-09T12:39:53.5109887Z test persistent_session_command_compiled_macros_keep_effects_and_old_expansions ... ok
2026-10-09T12:40:34.3891542Z test session_lifecycle_compiled_macro_reset_failure_preserves_both_phase_stores ... ok
2026-10-09T12:40:47.1677720Z test persistent_session_command_compiled_macros_namespace_errors_and_reset ... ok
2026-10-09T12:40:47.1678310Z 
2026-10-09T12:40:47.1678883Z test result: ok. 6 passed; 0 failed; 0 ignored; 0 measured; 0 filtered out; finished in 132.80s
2026-10-09T12:40:47.1679370Z 
2026-10-09T12:40:47.2506807Z [1m[92m     Running[0m tests/core_sorted_interfaces.rs (target/debug/deps/core_sorted_interfaces-43ed4e54ddaf5ee3)
2026-10-09T12:40:47.2523999Z 
2026-10-09T12:40:47.2524321Z running 2 tests
2026-10-09T12:41:20.2049451Z test sorted_protocol_shared_nominal_observations_match_both_phases_after_gc ... ok
2026-10-09T12:41:45.5505788Z test sorted_protocol_aliases_retained_values_reload_and_method_arities ... ok
2026-10-09T12:41:45.5506437Z 
2026-10-09T12:41:45.5506887Z test result: ok. 2 passed; 0 failed; 0 ignored; 0 measured; 0 filtered out; finished in 58.30s
2026-10-09T12:41:45.5507504Z 
2026-10-09T12:41:45.6721818Z [1m[92m     Running[0m tests/portable_case.rs (target/debug/deps/portable_case-cfebc5e12b7dd0d6)
2026-10-09T12:41:45.6738374Z 
2026-10-09T12:41:45.6738852Z running 5 tests
2026-10-09T12:41:46.5470082Z test empty_case_group_has_exact_located_boundary_without_publication ... ok
2026-10-09T12:41:58.2963682Z test generic_case_throw_restores_equality_and_bounds_are_located ... ok
2026-10-09T12:41:58.3064427Z test scalar_case_evaluates_selector_once_and_only_selected_result ... ok
2026-10-09T12:41:58.3413171Z test case_errors_and_namespace_guards_keep_effects_and_recover_after_gc ... ok
2026-10-09T12:42:01.8771659Z test scalar_case_matches_independently_decoded_pinned_observations ... ok
2026-10-09T12:42:01.8772039Z 
2026-10-09T12:42:01.8772302Z test result: ok. 5 passed; 0 failed; 0 ignored; 0 measured; 0 filtered out; finished in 16.20s
2026-10-09T12:42:01.8772666Z 
2026-10-09T12:42:01.9752738Z [1m[92m     Running[0m tests/portable_comparisons.rs (target/debug/deps/portable_comparisons-f32554f61d05b8b9)
2026-10-09T12:42:01.9769333Z 
2026-10-09T12:42:01.9769573Z running 7 tests
2026-10-09T12:42:02.8910660Z test comparison_macro_and_runtime_names_preserve_aliases_user_shadowing_and_gc ... ok
2026-10-09T12:42:03.0849550Z test comparison_macro_arity_erasure_and_lexical_shadowing_remain_distinct_from_values ... ok
2026-10-09T12:42:03.2761619Z test comparison_utf16_prefix_loop_has_fuel_recovery_and_typed_coercion_errors ... ok
2026-10-09T12:42:03.3367459Z test explicit_user_refers_preserve_pinned_core_macros_but_aliases_call_user_vars ... ok
2026-10-09T12:42:03.3771178Z test retained_comparison_captures_follow_accepted_design_with_explicit_primary_divergence ... ok
2026-10-09T12:42:03.4197044Z test runtime_comparison_large_arity_uses_bounded_callback_code_without_macro_expansion ... ok
2026-10-09T12:42:03.7349579Z test comparisons_match_independently_encoded_primary_corpus ... ok
2026-10-09T12:42:03.7350120Z 
2026-10-09T12:42:03.7350549Z test result: ok. 7 passed; 0 failed; 0 ignored; 0 measured; 0 filtered out; finished in 1.76s
2026-10-09T12:42:03.7351145Z 
2026-10-09T12:42:03.7424337Z [1m[92m     Running[0m tests/portable_dynamic_bindings.rs (target/debug/deps/portable_dynamic_bindings-dfe2bd10c27e4823)
2026-10-09T12:42:03.7441433Z 
2026-10-09T12:42:03.7445320Z running 10 tests
2026-10-09T12:42:04.6412048Z test binding_cleanup_restores_after_throw_and_runs_inside_finally_before_outer_handlers ... ok
2026-10-09T12:42:04.6522996Z test binding_initializers_are_parallel_and_nested_scopes_restore_current_values ... ok
2026-10-09T12:42:04.6826310Z test binding_is_visible_to_old_functions_but_escaped_readers_do_not_capture_scope ... ok
2026-10-09T12:42:04.6859872Z test closure_values_and_thrown_closures_survive_frame_restoration_and_gc ... ok
2026-10-09T12:42:04.7109998Z test fuel_traps_do_not_leak_dynamic_values_into_the_next_prompt_or_saved_function ... ok
2026-10-09T12:42:04.7176674Z test malformed_binding_and_assignment_fail_locally_without_publishing_declarations ... ok
2026-10-09T12:42:09.4189989Z test fuel_interruption_during_frame_pop_restores_pre_initializer_snapshot ... ok
2026-10-09T12:42:09.4545291Z test original_values_are_snapshotted_before_initializers_and_failed_initializers_keep_effects ... ok
2026-10-09T12:42:09.4938294Z test with_redefs_keeps_macro_calls_and_rebinds_actual_function_values ... ok
2026-10-09T12:42:12.8922799Z test nested_multi_target_pop_is_restartable_at_every_fuel_boundary ... ok
2026-10-09T12:42:12.8929143Z 
2026-10-09T12:42:12.8929963Z test result: ok. 10 passed; 0 failed; 0 ignored; 0 measured; 0 filtered out; finished in 9.15s
2026-10-09T12:42:12.8930347Z 
2026-10-09T12:42:12.8980849Z [1m[92m     Running[0m tests/portable_hash_numeric_boundaries.rs (target/debug/deps/portable_hash_numeric_boundaries-af6057f5779056bd)
2026-10-09T12:42:12.8997127Z 
2026-10-09T12:42:12.8997303Z running 4 tests
2026-10-09T12:42:12.9112399Z test numeric_hash_adapters_validate_in_both_compilation_phases ... ok
2026-10-09T12:42:13.8161015Z test numeric_hash_boundaries_keep_effects_typed_errors_and_compile_atomicity ... ok
2026-10-09T12:42:13.8650071Z test numeric_hash_remainder_checks_both_operands_after_source_evaluation ... ok
2026-10-09T12:42:26.0645494Z test hash_numeric_boundaries_match_independently_encoded_primary_observations ... ok
2026-10-09T12:42:26.0646468Z 
2026-10-09T12:42:26.0647245Z test result: ok. 4 passed; 0 failed; 0 ignored; 0 measured; 0 filtered out; finished in 13.16s
2026-10-09T12:42:26.0648148Z 
2026-10-09T12:42:26.1277328Z [1m[92m     Running[0m tests/portable_lazy_transformations.rs (target/debug/deps/portable_lazy_transformations-b1185d661712f39e)
2026-10-09T12:42:26.1294351Z 
2026-10-09T12:42:26.1294548Z running 4 tests
2026-10-09T12:42:46.4156051Z test handed_chunk_preserves_actual_backing_array_identity_after_gc ... ok
2026-10-09T12:42:47.5637356Z test unforced_transformations_keep_callbacks_and_captures_across_gc_and_fragments ... ok
2026-10-09T12:43:04.9642284Z test unforced_transformations_survive_with_only_host_handles ... ok
2026-10-09T12:43:05.7647907Z test lazy_transformations_match_complete_pinned_observations_in_both_phases_after_gc ... ok
2026-10-09T12:43:05.7648373Z 
2026-10-09T12:43:05.7648990Z test result: ok. 4 passed; 0 failed; 0 ignored; 0 measured; 0 filtered out; finished in 39.64s
2026-10-09T12:43:05.7649575Z 
2026-10-09T12:43:05.8606617Z [1m[92m     Running[0m tests/portable_native_objects.rs (target/debug/deps/portable_native_objects-df185eb22a9b089c)
2026-10-09T12:43:05.8623352Z 
2026-10-09T12:43:05.8623559Z running 3 tests
2026-10-09T12:43:06.7650029Z test private_object_errors_are_atomic_or_runtime_and_recover ... ok
2026-10-09T12:43:06.7970640Z test private_object_factory_and_properties_execute_ordered_source_after_gc ... ok
2026-10-09T12:43:26.6572908Z test ordinary_object_property_keys_preserve_values_hook_order_and_throw_recovery ... ok
2026-10-09T12:43:26.6573570Z 
2026-10-09T12:43:26.6574450Z test result: ok. 3 passed; 0 failed; 0 ignored; 0 measured; 0 filtered out; finished in 20.79s
2026-10-09T12:43:26.6575353Z 
2026-10-09T12:43:26.7416554Z [1m[92m     Running[0m tests/portable_public_hash.rs (target/debug/deps/portable_public_hash-e7064fe884406a09)
2026-10-09T12:43:26.7433104Z 
2026-10-09T12:43:26.7433344Z running 5 tests
2026-10-09T12:43:27.6311117Z test numeric_date_storage_executes_without_full_core ... ok
2026-10-09T12:43:39.7839909Z test date_hash_normalizes_numeric_milliseconds_and_keeps_protocol_priority ... ok
2026-10-09T12:43:40.0771631Z test public_hash_matches_independently_decoded_primary_observations ... ok
2026-10-09T12:43:40.1082994Z test time_clip_rejects_wrong_storage_and_preserves_effects_and_compile_atomicity ... ok
2026-10-09T12:43:50.7812443Z test public_hash_retains_scalar_branches_and_captured_callable_after_gc ... ok
2026-10-09T12:43:50.7814014Z 
2026-10-09T12:43:50.7814762Z test result: ok. 5 passed; 0 failed; 0 ignored; 0 measured; 0 filtered out; finished in 24.04s
2026-10-09T12:43:50.7815154Z 
2026-10-09T12:43:50.8810925Z [1m[92m     Running[0m tests/portable_reify.rs (target/debug/deps/portable_reify-bd5aa97f1fbdf774)
2026-10-09T12:43:50.8826995Z 
2026-10-09T12:43:50.8827216Z running 2 tests
2026-10-09T12:44:11.0120551Z test reify_preserves_capture_metadata_and_nominal_identity_in_both_phases ... FAILED
2026-10-09T12:44:11.0124797Z test reified_object_retains_capture_with_only_host_handle_after_gc ... FAILED
2026-10-09T12:44:11.0125318Z 
2026-10-09T12:44:11.0125744Z failures:
2026-10-09T12:44:11.0125998Z 
2026-10-09T12:44:11.0126432Z ---- reify_preserves_capture_metadata_and_nominal_identity_in_both_phases stdout ----
2026-10-09T12:44:11.0127258Z 
2026-10-09T12:44:11.0127773Z thread 'reify_preserves_capture_metadata_and_nominal_identity_in_both_phases' (3703) panicked at crates/suss-cli/tests/portable_reify.rs:37:46:
2026-10-09T12:44:11.0129093Z called `Result::unwrap()` on an `Err` value: Compile(Diagnostic { span: 14..19, message: "Unresolved Runtime name reify" })
2026-10-09T12:44:11.0129803Z note: run with `RUST_BACKTRACE=1` environment variable to display a backtrace
2026-10-09T12:44:11.0130140Z 
2026-10-09T12:44:11.0130395Z ---- reified_object_retains_capture_with_only_host_handle_after_gc stdout ----
2026-10-09T12:44:11.0130731Z 
2026-10-09T12:44:11.0131177Z thread 'reified_object_retains_capture_with_only_host_handle_after_gc' (3702) panicked at crates/suss-cli/tests/portable_reify.rs:70:14:
2026-10-09T12:44:11.0132080Z called `Result::unwrap()` on an `Err` value: Compile(Diagnostic { span: 25..30, message: "Unresolved Runtime name reify" })
2026-10-09T12:44:11.0132555Z 
2026-10-09T12:44:11.0132559Z 
2026-10-09T12:44:11.0132648Z failures:
2026-10-09T12:44:11.0132942Z     reified_object_retains_capture_with_only_host_handle_after_gc
2026-10-09T12:44:11.0133428Z     reify_preserves_capture_metadata_and_nominal_identity_in_both_phases
2026-10-09T12:44:11.0133742Z 
2026-10-09T12:44:11.0134023Z test result: FAILED. 0 passed; 2 failed; 0 ignored; 0 measured; 0 filtered out; finished in 20.13s
2026-10-09T12:44:11.0134420Z 
2026-10-09T12:44:11.1080952Z [1m[91merror[0m: test failed, to rerun pass `-p suss-cli --test portable_reify`
2026-10-09T12:44:11.1916494Z Traceback (most recent call last):
2026-10-09T12:44:11.1919168Z   File "/home/runner/work/suss/suss/scripts/ci_test_shards.py", line 66, in <module>
2026-10-09T12:44:11.1919909Z     main()
2026-10-09T12:44:11.1920270Z   File "/home/runner/work/suss/suss/scripts/ci_test_shards.py", line 62, in main
2026-10-09T12:44:11.1920722Z     subprocess.run(command, check=True)
2026-10-09T12:44:11.1921079Z   File "/usr/lib/python3.12/subprocess.py", line 571, in run
2026-10-09T12:44:11.1926091Z     raise CalledProcessError(retcode, process.args,
2026-10-09T12:44:11.1930817Z subprocess.CalledProcessError: Command '['cargo', 'test', '--workspace', '--locked', '--test', 'aot_source_preparation', '--test', 'compiled_artifact_identities', '--test', 'compiled_macro_analysis_context', '--test', 'compiled_macro_core_environment', '--test', 'compiled_macro_form_source_metadata', '--test', 'compiled_macro_indexed_data', '--test', 'compiled_macro_repeated_declarations', '--test', 'compiled_macro_syntax_quote', '--test', 'compiled_repl_macros', '--test', 'core_sorted_interfaces', '--test', 'native_compiled_host', '--test', 'portable_aot_exact_integers', '--test', 'portable_async_analysis', '--test', 'portable_case', '--test', 'portable_comparisons', '--test', 'portable_dynamic_bindings', '--test', 'portable_hash_numeric_boundaries', '--test', 'portable_lazy_transformations', '--test', 'portable_native_objects', '--test', 'portable_public_hash', '--test', 'portable_reify', '--test', 'portable_subvector', '--test', 'public_compiled_pipeline', '--test', 'runtime_async_invocation_scope', '--test', 'session_lifecycle_native_publication_fuel', '--test', 'shared_runtime', '--', '--test-threads=2']' returned non-zero exit status 101.
2026-10-09T12:44:11.2080601Z ##[error]Process completed with exit code 1.
2026-10-09T12:44:11.2229536Z Post job cleanup.
2026-10-09T12:44:11.3110808Z [command]/usr/bin/git version
2026-10-09T12:44:11.3157932Z git version 2.55.0
2026-10-09T12:44:11.3203932Z Temporarily overriding HOME='/home/runner/work/_temp/837a1ffb-6a37-454e-82b6-98af52814d06' before making global git config changes
2026-10-09T12:44:11.3205571Z Adding repository directory to the temporary git global config as a safe directory
2026-10-09T12:44:11.3210855Z [command]/usr/bin/git config --global --add safe.directory /home/runner/work/suss/suss
2026-10-09T12:44:11.3253772Z [command]/usr/bin/git config --local --name-only --get-regexp core\.sshCommand
2026-10-09T12:44:11.3294652Z [command]/usr/bin/git submodule foreach --recursive sh -c "git config --local --name-only --get-regexp 'core\.sshCommand' && git config --local --unset-all 'core.sshCommand' || :"
2026-10-09T12:44:11.3548402Z Entering 'clojurescript'
2026-10-09T12:44:11.3613211Z [command]/usr/bin/git config --local --name-only --get-regexp http\.https\:\/\/github\.com\/\.extraheader
2026-10-09T12:44:11.3644669Z http.https://github.com/.extraheader
2026-10-09T12:44:11.3658228Z [command]/usr/bin/git config --local --unset-all http.https://github.com/.extraheader
2026-10-09T12:44:11.3698920Z [command]/usr/bin/git submodule foreach --recursive sh -c "git config --local --name-only --get-regexp 'http\.https\:\/\/github\.com\/\.extraheader' && git config --local --unset-all 'http.https://github.com/.extraheader' || :"
2026-10-09T12:44:11.3963528Z Entering 'clojurescript'
2026-10-09T12:44:11.3991290Z http.https://github.com/.extraheader
2026-10-09T12:44:11.4053045Z [command]/usr/bin/git config --local --name-only --get-regexp ^includeIf\.gitdir:
2026-10-09T12:44:11.4104782Z [command]/usr/bin/git submodule foreach --recursive git config --local --show-origin --name-only --get-regexp remote.origin.url
2026-10-09T12:44:11.4371534Z Entering 'clojurescript'
2026-10-09T12:44:11.4391566Z file:/home/runner/work/suss/suss/.git/modules/clojurescript/config	remote.origin.url
2026-10-09T12:44:11.4433904Z [command]/usr/bin/git config --file /home/runner/work/suss/suss/.git/modules/clojurescript/config --name-only --get-regexp ^includeIf\.gitdir:
2026-10-09T12:44:11.4666592Z Cleaning up orphan processes
2026-10-09T12:44:11.4984569Z ##[warning]Node.js 20 is deprecated. The following actions target Node.js 20 but are being forced to run on Node.js 24: actions/checkout@v4. For more information see: https://github.blog/changelog/2025-09-19-deprecation-of-node-20-on-github-actions-runners/
