nil
nil
#<function>
#<function>
nil
nil
nil
nil
nil
nil
nil
nil
#<function>
nil
nil
nil
nil
#<function>
#<function>
#<function>
#<function>
#<function>
#<function>
#<undefined>
#<undefined>
#<undefined>
#<undefined>
#<undefined>
#<undefined>
#<undefined>
#<undefined>
#<undefined>
#<undefined>
#<undefined>
#<undefined>
#<undefined>
#<undefined>
#<undefined>
#<undefined>
#<undefined>
#<undefined>
#<undefined>
#<undefined>
#<undefined>
#<function>
#<function>
#<function>
#<function>
0
-862048943
461845907
#<function>
#<function>
#<function>
#<function>
#<function>
#<function>
#<function>
#<function>
#<function>
#<function>
#<function>
#<function>
Error: Host error: Macro data descriptor is not the captured canonical identity
0
#<function>
#<function>
#<function>
#<function>
#<function>
#<function>
#<function>
#<function>
#<function>
#<function>
#<function>
#<function>
#<function>
#<function>
#<function>
#<function>
#<function>
#<function>
-2017569654
#<function>
#<function>
#<function>
#<undefined>
#<function>
#<function>
#<function>
#<function>
#<function>
#<function>
#<function>
#<function>
#<function>
#<function>
#<function>
#<function>
#<function>
#<function>
#<function>
#<function>
#<function>
#<function>
#<function>
#<function>
#<function>
#<undefined>
#<function>
#<function>
#<function>
#<function>
#<function>
#<function>
#<function>
-15128758
#<function>
#<function>
#<function>
#<function>
#<function>
#<function>
#<function>
#<function>
#<function>
#<function>
#<undefined>
#<function>
#<function>
#<function>
#<function>
#<undefined>
#<undefined>
#<function>
#<function>
#<function>
#<function>
#<function>
#<function>
#<function>
#<function>
#<function>
#<function>
#<undefined>
#<undefined>
#<undefined>
#<undefined>
#<undefined>
#<undefined>
#<undefined>
#<function>
#<function>
#<function>
#<function>
#<function>
#<function>
#<function>
#<function>
#<undefined>
#<undefined>
#<undefined>
#<function>
#<function>
#<function>
#<function>
#<function>
#<function>
#<function>
#<function>
#<function>
#<function>
#<function>
#<undefined>
#<undefined>
#<undefined>
#<function>
#<function>
#<function>
#<function>
#<function>
#<function>
#<function>
Error: Host error: Macro data descriptor is not the captured canonical identity
#<function>
#<function>
#<function>
#<function>
#<function>
#<function>
#<function>
#<function>
#<function>
#<function>
#<function>
#<function>
#<function>
#<function>
#<function>
#<function>
#<function>
#<function>
#<function>
#<undefined>
#<undefined>
#<undefined>
#<function>
#<function>
#<function>
#<function>
#<function>
#<function>
#<function>
#<function>
#<function>
#<function>
#<function>
#<undefined>
#<function>
#<function>
#<function>
#<function>
#<function>
#<function>
#<function>
#<function>
Error: Host error: Unrecognized nominal macro data type
#<function>
#<function>
#<function>
#<function>
#<function>
#<function>
#<function>
#<function>
#<function>
#<function>
#<function>
#<function>
#<function>
#<function>
#<function>
#<function>
#<function>
#<function>
#<function>
#<function>
#<function>
#<function>
#<function>
#<function>
#<function>
#<function>
#<function>
#<function>
#<function>
#<function>
#<function>
#<function>
#<function>
#<function>
#<undefined>
#<undefined>
#<function>
#<function>
#<function>
#<function>
#<function>
#<function>
#<function>
#<function>
#<function>
#<function>
#<undefined>
#<function>
#<function>
#<function>
#<function>
#<function>
#<function>
#<function>
#<function>
#<function>
#<function>
#<function>
#<function>
#<function>
#<function>
#<function>
#<function>
#<function>
#<function>
#<function>
#<function>
#<function>
#<function>
#<function>
#<function>
#<function>
#<function>
#<function>
#<function>
#<function>
#<undefined>
true
false
false
false
nil
nil
false
#<function>
#<function>
#<function>
#<function>
#<function>
#<function>
Error: Host error: Unrecognized nominal macro data type
#<function>
#<function>
#<function>
#<function>
#<function>
#<function>
#<function>
#<function>
#<function>
#<function>
#<function>
#<function>
#<function>
#<function>
#<function>
#<function>
#<function>
#<function>
#<function>
#<function>
#<function>
#<function>
#<function>
#<function>
Error: Host error: Unrecognized nominal macro data type
#<function>
#<function>
#<function>
#<function>
Error: Host error: Unrecognized nominal macro data type
Error: Host error: Unrecognized nominal macro data type
#<function>
Error: Host error: Unrecognized nominal macro data type
8
#<function>
#<function>
Error: Host error: Unrecognized nominal macro data type
Error: Host error: Unrecognized nominal macro data type
#<function>
#<function>
#<function>
Error: Host error: Unrecognized nominal macro data type
#<function>
#<function>
#<function>
#<function>
#<function>
#<function>
#<function>
#<function>
#<function>
#<function>
#<function>
#<function>
#<function>
#<function>
#<function>
#<function>
nil
0
0
Error: Host error: Unrecognized nominal macro data type
